Component: ARM Compiler 5.06 update 6 (build 750) Tool: armlink [4d35ed]

==============================================================================

Section Cross References

    gui.o(.text) refers to lcd.o(.text) for LCD_SetCursor
    gui.o(.text) refers to lcd.o(.bss) for lcddev
    gui.o(.text) refers to lcd.o(.data) for POINT_COLOR
    gui.o(.text) refers to gui.o(.constdata) for asc2_1206
    gui.o(.text) refers to strlen.o(.text) for strlen
    main.o(.text) refers to misc.o(.text) for NVIC_PriorityGroupConfig
    main.o(.text) refers to system_stm32f10x.o(.text) for SystemInit
    main.o(.text) refers to delay.o(.text) for delay_init
    main.o(.text) refers to lcd.o(.text) for LCD_Init
    main.o(.text) refers to led.o(.text) for led_init
    main.o(.text) refers to rtc.o(.text) for RTC_Init
    main.o(.text) refers to test.o(.text) for Touch_Test
    system_stm32f10x.o(.text) refers to system_stm32f10x.o(.data) for SystemCoreClock
    test.o(.text) refers to _printf_pad.o(.text) for _printf_pre_padding
    test.o(.text) refers to _printf_percent.o(.ARM.Collect$$_printf_percent$$00000000) for _printf_percent
    test.o(.text) refers to _printf_d.o(.ARM.Collect$$_printf_percent$$00000009) for _printf_d
    test.o(.text) refers to _printf_dec.o(.text) for _printf_int_dec
    test.o(.text) refers to _printf_s.o(.ARM.Collect$$_printf_percent$$00000014) for _printf_s
    test.o(.text) refers to _printf_str.o(.text) for _printf_str
    test.o(.text) refers to lcd.o(.text) for LCD_Clear
    test.o(.text) refers to gui.o(.text) for LCD_Fill
    test.o(.text) refers to noretval__2sprintf.o(.text) for __2sprintf
    test.o(.text) refers to rtc.o(.text) for Is_Leap_Year
    test.o(.text) refers to lcd.o(.bss) for lcddev
    test.o(.text) refers to lcd.o(.data) for POINT_COLOR
    test.o(.text) refers to rtc.o(.data) for Duration
    test.o(.text) refers to rtc.o(.bss) for calendar
    test.o(.text) refers to rtc.o(.constdata) for mon_table
    test.o(.text) refers to test.o(.data) for prev_sec2
    test.o(.text) refers to rt_memcpy_w.o(.text) for __aeabi_memcpy4
    test.o(.text) refers to test.o(.constdata) for .constdata
    test.o(.text) refers to led.o(.text) for led_on
    test.o(.text) refers to test.o(.bss) for new_time
    test.o(.text) refers to touch.o(.data) for tp_dev
    test.o(.constdata) refers to test.o(.conststring) for .conststring
    lcd.o(.text) refers to spi.o(.text) for SPI_WriteByte
    lcd.o(.text) refers to stm32f10x_rcc_2.o(.text) for RCC_APB2PeriphClockCmd
    lcd.o(.text) refers to stm32f10x_gpio.o(.text) for GPIO_Init
    lcd.o(.text) refers to delay.o(.text) for delay_ms
    lcd.o(.text) refers to lcd.o(.bss) for lcddev
    lcd.o(.text) refers to lcd.o(.data) for POINT_COLOR
    touch.o(.text) refers to ft6336.o(.text) for FT6336_Init
    touch.o(.text) refers to touch.o(.data) for tp_dev
    touch.o(.data) refers to touch.o(.text) for TP_Init
    spi.o(.text) refers to stm32f10x_rcc_2.o(.text) for RCC_APB2PeriphClockCmd
    spi.o(.text) refers to stm32f10x_gpio.o(.text) for GPIO_Init
    spi.o(.text) refers to stm32f10x_spi.o(.text) for SPI_Init
    ctpiic.o(.text) refers to delay.o(.text) for delay_us
    ctpiic.o(.text) refers to stm32f10x_rcc_2.o(.text) for RCC_APB2PeriphClockCmd
    ctpiic.o(.text) refers to stm32f10x_gpio.o(.text) for GPIO_Init
    ft6336.o(.text) refers to ctpiic.o(.text) for CTP_IIC_Start
    ft6336.o(.text) refers to stm32f10x_rcc_2.o(.text) for RCC_APB2PeriphClockCmd
    ft6336.o(.text) refers to stm32f10x_gpio.o(.text) for GPIO_Init
    ft6336.o(.text) refers to delay.o(.text) for delay_ms
    ft6336.o(.text) refers to ft6336.o(.data) for t
    ft6336.o(.text) refers to touch.o(.data) for tp_dev
    ft6336.o(.text) refers to ft6336.o(.constdata) for FT6336_TPX_TBL
    ft6336.o(.text) refers to lcd.o(.bss) for lcddev
    led.o(.text) refers to stm32f10x_rcc_2.o(.text) for RCC_APB2PeriphClockCmd
    led.o(.text) refers to stm32f10x_gpio.o(.text) for GPIO_Init
    rtc.o(.text) refers to misc.o(.text) for NVIC_Init
    rtc.o(.text) refers to stm32f10x_rtc.o(.text) for RTC_GetCounter
    rtc.o(.text) refers to stm32f10x_rcc_2.o(.text) for RCC_APB1PeriphClockCmd
    rtc.o(.text) refers to stm32f10x_pwr.o(.text) for PWR_BackupAccessCmd
    rtc.o(.text) refers to stm32f10x_bkp.o(.text) for BKP_ReadBackupRegister
    rtc.o(.text) refers to delay.o(.text) for delay_ms
    rtc.o(.text) refers to rtc.o(.bss) for calendar
    rtc.o(.text) refers to rtc.o(.constdata) for table_week
    rtc.o(.text) refers to rtc.o(.data) for timecount
    startup_stm32f10x_md.o(STACK) refers (Special) to heapauxi.o(.text) for __use_two_region_memory
    startup_stm32f10x_md.o(HEAP) refers (Special) to heapauxi.o(.text) for __use_two_region_memory
    startup_stm32f10x_md.o(RESET) refers (Special) to heapauxi.o(.text) for __use_two_region_memory
    startup_stm32f10x_md.o(RESET) refers to startup_stm32f10x_md.o(STACK) for __initial_sp
[...]
    __rtentry4.o(.ARM.Collect$$rtentry$$00000004) refers to sys_stackheap_outer.o(.text) for __user_setup_stackheap
    __rtentry4.o(.ARM.exidx) refers to __rtentry4.o(.ARM.Collect$$rtentry$$00000004) for .ARM.Collect$$rtentry$$00000004
    sys_stackheap_outer.o(.text) refers to libspace.o(.text) for __user_perproc_libspace
    sys_stackheap_outer.o(.text) refers to startup_stm32f10x_md.o(.text) for __user_initial_stackheap
    exit.o(.text) refers to rtexit.o(.ARM.Collect$$rtexit$$00000000) for __rt_exit
    libinit.o(.ARM.Collect$$libinit$$00000000) refers (Special) to libinit2.o(.ARM.Collect$$libinit$$0000002E) for __rt_lib_init_alloca_1
    libinit.o(.ARM.Collect$$libinit$$00000000) refers (Special) to libinit2.o(.ARM.Collect$$libinit$$0000002C) for __rt_lib_init_argv_1
    libinit.o(.ARM.Collect$$libinit$$00000000) refers (Special) to libinit2.o(.ARM.Collect$$libinit$$0000001B) for __rt_lib_init_atexit_1
    libinit.o(.ARM.Collect$$libinit$$00000000) refers (Special) to libinit2.o(.ARM.Collect$$libinit$$00000021) for __rt_lib_init_clock_1
    libinit.o(.ARM.Collect$$libinit$$00000000) refers (Special) to libinit2.o(.ARM.Collect$$libinit$$00000032) for __rt_lib_init_cpp_1
    libinit.o(.ARM.Collect$$libinit$$00000000) refers (Special) to libinit2.o(.ARM.Collect$$libinit$$00000030) for __rt_lib_init_exceptions_1
    libinit.o(.ARM.Collect$$libinit$$00000000) refers (Special) to libinit2.o(.ARM.Collect$$libinit$$00000002) for __rt_lib_init_fp_1
    libinit.o(.ARM.Collect$$libinit$$00000000) refers (Special) to libinit2.o(.ARM.Collect$$libinit$$0000001F) for __rt_lib_init_fp_trap_1
    libinit.o(.ARM.Collect$$libinit$$00000000) refers (Special) to libinit2.o(.ARM.Collect$$libinit$$00000023) for __rt_lib_init_getenv_1
    libinit.o(.ARM.Collect$$libinit$$00000000) refers (Special) to libinit2.o(.ARM.Collect$$libinit$$0000000A) for __rt_lib_init_heap_1
    libinit.o(.ARM.Collect$$libinit$$00000000) refers (Special) to libinit2.o(.ARM.Collect$$libinit$$00000011) for __rt_lib_init_lc_collate_1
    libinit.o(.ARM.Collect$$libinit$$00000000) refers (Special) to libinit2.o(.ARM.Collect$$libinit$$00000013) for __rt_lib_init_lc_ctype_1
    libinit.o(.ARM.Collect$$libinit$$00000000) refers (Special) to libinit2.o(.ARM.Collect$$libinit$$00000015) for __rt_lib_init_lc_monetary_1
    libinit.o(.ARM.Collect$$libinit$$00000000) refers (Special) to libinit2.o(.ARM.Collect$$libinit$$00000017) for __rt_lib_init_lc_numeric_1
    libinit.o(.ARM.Collect$$libinit$$00000000) refers (Special) to libinit2.o(.ARM.Collect$$libinit$$00000019) for __rt_lib_init_lc_time_1
    libinit.o(.ARM.Collect$$libinit$$00000000) refers (Special) to libinit2.o(.ARM.Collect$$libinit$$00000004) for __rt_lib_init_preinit_1
    libinit.o(.ARM.Collect$$libinit$$00000000) refers (Special) to libinit2.o(.ARM.Collect$$libinit$$0000000E) for __rt_lib_init_rand_1
    libinit.o(.ARM.Collect$$libinit$$00000000) refers (Special) to libinit2.o(.ARM.Collect$$libinit$$00000033) for __rt_lib_init_return
    libinit.o(.ARM.Collect$$libinit$$00000000) refers (Special) to libinit2.o(.ARM.Collect$$libinit$$0000001D) for __rt_lib_init_signal_1
    libinit.o(.ARM.Collect$$libinit$$00000000) refers (Special) to libinit2.o(.ARM.Collect$$libinit$$00000025) for __rt_lib_init_stdio_1
    libinit.o(.ARM.Collect$$libinit$$00000000) refers (Special) to libinit2.o(.ARM.Collect$$libinit$$0000000C) for __rt_lib_init_user_alloc_1
    libspace.o(.text) refers to libspace.o(.bss) for __libspace_start
    rtexit.o(.ARM.Collect$$rtexit$$00000000) refers (Special) to rtexit2.o(.ARM.Collect$$rtexit$$00000004) for __rt_exit_exit
    rtexit.o(.ARM.Collect$$rtexit$$00000000) refers (Special) to rtexit2.o(.ARM.Collect$$rtexit$$00000003) for __rt_exit_ls
    rtexit.o(.ARM.Collect$$rtexit$$00000000) refers (Special) to rtexit2.o(.ARM.Collect$$rtexit$$00000002) for __rt_exit_prels_1
    rtexit.o(.ARM.exidx) refers (Special) to rtexit2.o(.ARM.Collect$$rtexit$$00000004) for __rt_exit_exit
    rtexit.o(.ARM.exidx) refers (Special) to rtexit2.o(.ARM.Collect$$rtexit$$00000003) for __rt_exit_ls
    rtexit.o(.ARM.exidx) refers (Special) to rtexit2.o(.ARM.Collect$$rtexit$$00000002) for __rt_exit_prels_1
    rtexit.o(.ARM.exidx) refers to rtexit.o(.ARM.Collect$$rtexit$$00000000) for .ARM.Collect$$rtexit$$00000000
    libinit2.o(.ARM.Collect$$libinit$$00000010) refers to libinit2.o(.ARM.Collect$$libinit$$0000000F) for .ARM.Collect$$libinit$$0000000F
    libinit2.o(.ARM.Collect$$libinit$$00000012) refers to libinit2.o(.ARM.Collect$$libinit$$0000000F) for .ARM.Collect$$libinit$$0000000F
    libinit2.o(.ARM.Collect$$libinit$$00000014) refers to libinit2.o(.ARM.Collect$$libinit$$0000000F) for .ARM.Collect$$libinit$$0000000F
    libinit2.o(.ARM.Collect$$libinit$$00000016) refers to libinit2.o(.ARM.Collect$$libinit$$0000000F) for .ARM.Collect$$libinit$$0000000F
    libinit2.o(.ARM.Collect$$libinit$$00000018) refers to libinit2.o(.ARM.Collect$$libinit$$0000000F) for .ARM.Collect$$libinit$$0000000F
    libinit2.o(.ARM.Collect$$libinit$$00000026) refers to argv_veneer.o(.emb_text) for __ARM_argv_veneer
    libinit2.o(.ARM.Collect$$libinit$$00000027) refers to argv_veneer.o(.emb_text) for __ARM_argv_veneer
    rtexit2.o(.ARM.Collect$$rtexit$$00000003) refers to libshutdown.o(.ARM.Collect$$libshutdown$$00000000) for __rt_lib_shutdown
    rtexit2.o(.ARM.Collect$$rtexit$$00000004) refers to sys_exit.o(.text) for _sys_exit
    rtexit2.o(.ARM.exidx) refers to rtexit2.o(.ARM.Collect$$rtexit$$00000001) for .ARM.Collect$$rtexit$$00000001
    rtexit2.o(.ARM.exidx) refers to rtexit2.o(.ARM.Collect$$rtexit$$00000003) for .ARM.Collect$$rtexit$$00000003
    rtexit2.o(.ARM.exidx) refers to rtexit2.o(.ARM.Collect$$rtexit$$00000004) for .ARM.Collect$$rtexit$$00000004
    argv_veneer.o(.emb_text) refers to no_argv.o(.text) for __ARM_get_argv
    sys_exit.o(.text) refers (Special) to use_no_semi.o(.text) for __I$use$semihosting
    sys_exit.o(.text) refers (Special) to indicate_semi.o(.text) for __semihosting_library_function
    _get_argv_nomalloc.o(.text) refers (Special) to hrguard.o(.text) for __heap_region$guard
    _get_argv_nomalloc.o(.text) refers to defsig_rtmem_outer.o(.text) for __rt_SIGRTMEM
    _get_argv_nomalloc.o(.text) refers to sys_command.o(.text) for _sys_command_string
    libshutdown.o(.ARM.Collect$$libshutdown$$00000000) refers (Special) to libshutdown2.o(.ARM.Collect$$libshutdown$$00000002) for __rt_lib_shutdown_cpp_1
    libshutdown.o(.ARM.Collect$$libshutdown$$00000000) refers (Special) to libshutdown2.o(.ARM.Collect$$libshutdown$$00000007) for __rt_lib_shutdown_fp_trap_1
    libshutdown.o(.ARM.Collect$$libshutdown$$00000000) refers (Special) to libshutdown2.o(.ARM.Collect$$libshutdown$$0000000F) for __rt_lib_shutdown_heap_1
    libshutdown.o(.ARM.Collect$$libshutdown$$00000000) refers (Special) to libshutdown2.o(.ARM.Collect$$libshutdown$$00000010) for __rt_lib_shutdown_return
    libshutdown.o(.ARM.Collect$$libshutdown$$00000000) refers (Special) to libshutdown2.o(.ARM.Collect$$libshutdown$$0000000A) for __rt_lib_shutdown_signal_1
    libshutdown.o(.ARM.Collect$$libshutdown$$00000000) refers (Special) to libshutdown2.o(.ARM.Collect$$libshutdown$$00000004) for __rt_lib_shutdown_stdio_1
    libshutdown.o(.ARM.Collect$$libshutdown$$00000000) refers (Special) to libshutdown2.o(.ARM.Collect$$libshutdown$$0000000C) for __rt_lib_shutdown_user_alloc_1
    sys_command.o(.text) refers (Special) to use_no_semi.o(.text) for __I$use$semihosting
    sys_command.o(.text) refers (Special) to indicate_semi.o(.text) for __semihosting_library_function
    defsig_rtmem_outer.o(.text) refers to defsig_rtmem_inner.o(.text) for __rt_SIGRTMEM_inner
    defsig_rtmem_outer.o(.text) refers to defsig_exit.o(.text) for __sig_exit
    defsig_rtmem_formal.o(.text) refers to rt_raise.o(.text) for __rt_raise
    rt_raise.o(.text) refers to __raise.o(.text) for __raise
    rt_raise.o(.text) refers to sys_exit.o(.text) for _sys_exit
    defsig_exit.o(.text) refers to sys_exit.o(.text) for _sys_exit
    defsig_rtmem_inner.o(.text) refers to defsig_general.o(.text) for __default_signal_display
    __raise.o(.text) refers to defsig.o(CL$$defsig) for __default_signal_handler
    defsig_general.o(.text) refers to sys_wrch.o(.text) for _ttywrch
    sys_wrch.o(.text) refers (Special) to use_no_semi.o(.text) for __I$use$semihosting
    sys_wrch.o(.text) refers (Special) to indicate_semi.o(.text) for __semihosting_library_function
    defsig.o(CL$$defsig) refers to defsig_rtmem_inner.o(.text) for __rt_SIGRTMEM_inner
    defsig_abrt_inner.o(.text) refers to defsig_general.o(.text) for __default_signal_display
    defsig_fpe_inner.o(.text) refers to defsig_general.o(.text) for __default_signal_display
    defsig_rtred_inner.o(.text) refers to defsig_general.o(.text) for __default_signal_display
    defsig_stak_inner.o(.text) refers to defsig_general.o(.text) for __default_signal_display
    defsig_pvfn_inner.o(.text) refers to defsig_general.o(.text) for __default_signal_display
    defsig_cppl_inner.o(.text) refers to defsig_general.o(.text) for __default_signal_display
    defsig_segv_inner.o(.text) refers to defsig_general.o(.text) for __default_signal_display
    defsig_other.o(.text) refers to defsig_general.o(.text) for __default_signal_display


==============================================================================

Removing Unused input sections from the image.

    Removing core_cm3.o(.emb_text), (32 bytes).
    Removing stm32f10x_flash.o(.text), (1468 bytes).

2 unused section(s) (total 1500 bytes) removed from the image.

==============================================================================

Image Symbol Table

    Local Symbols

    Symbol Name                              Value     Ov Type        Size  Object(Section)

    ../clib/angel/boardlib.s                 0x00000000   Number         0  boardinit1.o ABSOLUTE
    ../clib/angel/boardlib.s                 0x00000000   Number         0  boardshut.o ABSOLUTE
    ../clib/angel/boardlib.s                 0x00000000   Number         0  boardinit3.o ABSOLUTE
    ../clib/angel/boardlib.s                 0x00000000   Number         0  boardinit2.o ABSOLUTE
    ../clib/angel/handlers.s                 0x00000000   Number         0  __scatter_zi.o ABSOLUTE
    ../clib/angel/handlers.s                 0x00000000   Number         0  __scatter_copy.o ABSOLUTE
    ../clib/angel/kernel.s                   0x00000000   Number         0  rtexit.o ABSOLUTE
    ../clib/angel/kernel.s                   0x00000000   Number         0  __rtentry4.o ABSOLUTE
    ../clib/angel/kernel.s                   0x00000000   Number         0  __rtentry2.o ABSOLUTE
    ../clib/angel/kernel.s                   0x00000000   Number         0  __rtentry.o ABSOLUTE
    ../clib/angel/kernel.s                   0x00000000   Number         0  rtexit2.o ABSOLUTE
    ../clib/angel/rt.s                       0x00000000   Number         0  rt_raise.o ABSOLUTE
    ../clib/angel/scatter.s                  0x00000000   Number         0  __scatter.o ABSOLUTE
    ../clib/angel/startup.s                  0x00000000   Number         0  __main.o ABSOLUTE
    ../clib/angel/sys.s                      0x00000000   Number         0  sys_stackheap_outer.o ABSOLUTE
    ../clib/angel/sys.s                      0x00000000   Number         0  indicate_semi.o ABSOLUTE
    ../clib/angel/sys.s                      0x00000000   Number         0  use_no_semi.o ABSOLUTE
    ../clib/angel/sys.s                      0x00000000   Number         0  libspace.o ABSOLUTE
    ../clib/angel/sysapp.c                   0x00000000   Number         0  sys_exit.o ABSOLUTE
    ../clib/angel/sysapp.c                   0x00000000   Number         0  sys_command.o ABSOLUTE
    ../clib/angel/sysapp.c                   0x00000000   Number         0  sys_wrch.o ABSOLUTE
    ../clib/armsys.c                         0x00000000   Number         0  argv_veneer.o ABSOLUTE
    ../clib/armsys.c                         0x00000000   Number         0  argv_veneer.o ABSOLUTE
    ../clib/armsys.c                         0x00000000   Number         0  _get_argv_nomalloc.o ABSOLUTE
    ../clib/armsys.c                         0x00000000   Number         0  no_argv.o ABSOLUTE
    ../clib/heapalloc.c                      0x00000000   Number         0  hrguard.o ABSOLUTE
    ../clib/heapaux.c                        0x00000000   Number         0  heapauxi.o ABSOLUTE
    ../clib/libinit.s                        0x00000000   Number         0  libshutdown.o ABSOLUTE
    ../clib/libinit.s                        0x00000000   Number         0  libshutdown2.o ABSOLUTE
    ../clib/libinit.s                        0x00000000   Number         0  libinit2.o ABSOLUTE
    ../clib/libinit.s                        0x00000000   Number         0  libinit.o ABSOLUTE
    ../clib/memcpset.s                       0x00000000   Number         0  rt_memcpy_w.o ABSOLUTE
    ../clib/misc.s                           0x00000000   Number         0  printf_stubs.o ABSOLUTE
    ../clib/printf.c                         0x00000000   Number         0  __printf_wp.o ABSOLUTE
    ../clib/printf.c                         0x00000000   Number         0  __printf_flags_ss.o ABSOLUTE
    ../clib/printf.c                         0x00000000   Number         0  __printf_flags.o ABSOLUTE
    ../clib/printf.c                         0x00000000   Number         0  _printf_dec.o ABSOLUTE
    ../clib/printf.c                         0x00000000   Number         0  _printf_str.o ABSOLUTE
    ../clib/printf.c                         0x00000000   Number         0  _printf_pad.o ABSOLUTE
    ../clib/printf.c                         0x00000000   Number         0  __printf.o ABSOLUTE
    ../clib/printf.c                         0x00000000   Number         0  __printf_ss.o ABSOLUTE
    ../clib/printf.c                         0x00000000   Number         0  _printf_intcommon.o ABSOLUTE
    ../clib/printf.c                         0x00000000   Number         0  _printf_char_common.o ABSOLUTE
    ../clib/printf.c                         0x00000000   Number         0  __printf_ss_wp.o ABSOLUTE
    ../clib/printf.c                         0x00000000   Number         0  __printf_nopercent.o ABSOLUTE
    ../clib/printf.c                         0x00000000   Number         0  _sputc.o ABSOLUTE
    ../clib/printf.c                         0x00000000   Number         0  _printf_char.o ABSOLUTE
    ../clib/printf.c                         0x00000000   Number         0  __printf_flags_ss_wp.o ABSOLUTE
    ../clib/printf.c                         0x00000000   Number         0  __printf_flags_wp.o ABSOLUTE
    ../clib/printf.c                         0x00000000   Number         0  __2sprintf.o ABSOLUTE
    ../clib/printf.c                         0x00000000   Number         0  noretval__2sprintf.o ABSOLUTE
    ../clib/printf_percent.s                 0x00000000   Number         0  _printf_d.o ABSOLUTE
    ../clib/printf_percent.s                 0x00000000   Number         0  _printf_percent.o ABSOLUTE
    ../clib/printf_percent.s                 0x00000000   Number         0  _printf_s.o ABSOLUTE
    ../clib/printf_percent.s                 0x00000000   Number         0  _printf_percent_end.o ABSOLUTE
    ../clib/signal.c                         0x00000000   Number         0  defsig_rtmem_inner.o ABSOLUTE
    ../clib/signal.c                         0x00000000   Number         0  defsig_exit.o ABSOLUTE
    ../clib/signal.c                         0x00000000   Number         0  defsig_rtmem_formal.o ABSOLUTE
    ../clib/signal.c                         0x00000000   Number         0  defsig_rtmem_outer.o ABSOLUTE
    ../clib/signal.c                         0x00000000   Number         0  defsig_segv_inner.o ABSOLUTE
    ../clib/signal.c                         0x00000000   Number         0  defsig_cppl_inner.o ABSOLUTE
    ../clib/signal.c                         0x00000000   Number         0  defsig_pvfn_inner.o ABSOLUTE
    ../clib/signal.c                         0x00000000   Number         0  defsig_other.o ABSOLUTE
    ../clib/signal.c                         0x00000000   Number         0  defsig_stak_inner.o ABSOLUTE
    ../clib/signal.c                         0x00000000   Number         0  defsig_rtred_inner.o ABSOLUTE
    ../clib/signal.c                         0x00000000   Number         0  defsig_fpe_inner.o ABSOLUTE
    ../clib/signal.c                         0x00000000   Number         0  defsig_abrt_inner.o ABSOLUTE
    ../clib/signal.c                         0x00000000   Number         0  defsig_general.o ABSOLUTE
    ../clib/signal.c                         0x00000000   Number         0  __raise.o ABSOLUTE
    ../clib/signal.s                         0x00000000   Number         0  defsig.o ABSOLUTE
    ../clib/stdlib.c                         0x00000000   Number         0  exit.o ABSOLUTE
    ../clib/string.c                         0x00000000   Number         0  strlen.o ABSOLUTE
    ../fplib/fpinit.s                        0x00000000   Number         0  fpinit.o ABSOLUTE
    ..\CORE\core_cm3.c                       0x00000000   Number         0  core_cm3.o ABSOLUTE
    ..\CORE\startup_stm32f10x_md.s           0x00000000   Number         0  startup_stm32f10x_md.o ABSOLUTE
    ..\HARDWARE\LCD\lcd.c                    0x00000000   Number         0  lcd.o ABSOLUTE
    ..\HARDWARE\LED\led.c                    0x00000000   Number         0  led.o ABSOLUTE
    ..\HARDWARE\RTC\RTC.c                    0x00000000   Number         0  rtc.o ABSOLUTE
    ..\HARDWARE\SPI\SPI.c                    0x00000000   Number         0  spi.o ABSOLUTE
    ..\HARDWARE\TOUCH\ctpiic.c               0x00000000   Number         0  ctpiic.o ABSOLUTE
    ..\HARDWARE\TOUCH\ft6336.c               0x00000000   Number         0  ft6336.o ABSOLUTE
    ..\HARDWARE\TOUCH\touch.c                0x00000000   Number         0  touch.o ABSOLUTE
    ..\STM32F10x_FWLib\src\misc.c            0x00000000   Number         0  misc.o ABSOLUTE
    ..\STM32F10x_FWLib\src\stm32f10x_bkp.c   0x00000000   Number         0  stm32f10x_bkp.o ABSOLUTE
    ..\STM32F10x_FWLib\src\stm32f10x_flash.c 0x00000000   Number         0  stm32f10x_flash.o ABSOLUTE
    ..\STM32F10x_FWLib\src\stm32f10x_gpio.c  0x00000000   Number         0  stm32f10x_gpio.o ABSOLUTE
    ..\STM32F10x_FWLib\src\stm32f10x_pwr.c   0x00000000   Number         0  stm32f10x_pwr.o ABSOLUTE
    ..\STM32F10x_FWLib\src\stm32f10x_rcc.c   0x00000000   Number         0  stm32f10x_rcc_2.o ABSOLUTE
    ..\STM32F10x_FWLib\src\stm32f10x_rtc.c   0x00000000   Number         0  stm32f10x_rtc.o ABSOLUTE
    ..\STM32F10x_FWLib\src\stm32f10x_spi.c   0x00000000   Number         0  stm32f10x_spi.o ABSOLUTE
    ..\SYSTEM\delay\delay.c                  0x00000000   Number         0  delay.o ABSOLUTE
    ..\USER\GUI.c                            0x00000000   Number         0  gui.o ABSOLUTE
    ..\USER\main.c                           0x00000000   Number         0  main.o ABSOLUTE
    ..\USER\stm32f10x_it.c                   0x00000000   Number         0  stm32f10x_it.o ABSOLUTE
    ..\USER\system_stm32f10x.c               0x00000000   Number         0  system_stm32f10x.o ABSOLUTE
    ..\USER\test.c                           0x00000000   Number         0  test.o ABSOLUTE
    ..\\CORE\\core_cm3.c                     0x00000000   Number         0  core_cm3.o ABSOLUTE
    dc.s                                     0x00000000   Number         0  dc.o ABSOLUTE
    RESET                                    0x08000000   Section      236  startup_stm32f10x_md.o(RESET)
    !!!main                                  0x080000ec   Section        8  __main.o(!!!main)
    !!!scatter                               0x080000f4   Section       52  __scatter.o(!!!scatter)
    !!handler_copy                           0x08000128   Section       26  __scatter_copy.o(!!handler_copy)
    !!handler_zi                             0x08000144   Section       28  __scatter_zi.o(!!handler_zi)
    .ARM.Collect$$_printf_percent$$00000000  0x08000160   Section        0  _printf_percent.o(.ARM.Collect$$_printf_percent$$00000000)
    .ARM.Collect$$_printf_percent$$00000009  0x08000160   Section        6  _printf_d.o(.ARM.Collect$$_printf_percent$$00000009)
    .ARM.Collect$$_printf_percent$$00000014  0x08000166   Section        6  _printf_s.o(.ARM.Collect$$_printf_percent$$00000014)
    .ARM.Collect$$_printf_percent$$00000017  0x0800016c   Section        4  _printf_percent_end.o(.ARM.Collect$$_printf_percent$$00000017)
    .ARM.Collect$$libinit$$00000000          0x08000170   Section        2  libinit.o(.ARM.Collect$$libinit$$00000000)
    .ARM.Collect$$libinit$$00000002          0x08000172   Section        0  libinit2.o(.ARM.Collect$$libinit$$00000002)
    .ARM.Collect$$libinit$$00000004          0x08000172   Section        0  libinit2.o(.ARM.Collect$$libinit$$00000004)
    .ARM.Collect$$libinit$$0000000A          0x08000172   Section        0  libinit2.o(.ARM.Collect$$libinit$$0000000A)
    .ARM.Collect$$libinit$$0000000C          0x08000172   Section        0  libinit2.o(.ARM.Collect$$libinit$$0000000C)
    .ARM.Collect$$libinit$$0000000E          0x08000172   Section        0  libinit2.o(.ARM.Collect$$libinit$$0000000E)
    .ARM.Collect$$libinit$$00000011          0x08000172   Section        0  libinit2.o(.ARM.Collect$$libinit$$00000011)
    .ARM.Collect$$libinit$$00000013          0x08000172   Section        0  libinit2.o(.ARM.Collect$$libinit$$00000013)
    .ARM.Collect$$libinit$$00000015          0x08000172   Section        0  libinit2.o(.ARM.Collect$$libinit$$00000015)
    .ARM.Collect$$libinit$$00000017          0x08000172   Section        0  libinit2.o(.ARM.Collect$$libinit$$00000017)
    .ARM.Collect$$libinit$$00000019          0x08000172   Section        0  libinit2.o(.ARM.Collect$$libinit$$00000019)
    .ARM.Collect$$libinit$$0000001B          0x08000172   Section        0  libinit2.o(.ARM.Collect$$libinit$$0000001B)
    .ARM.Collect$$libinit$$0000001D          0x08000172   Section        0  libinit2.o(.ARM.Collect$$libinit$$0000001D)
    .ARM.Collect$$libinit$$0000001F          0x08000172   Section        0  libinit2.o(.ARM.Collect$$libinit$$0000001F)
    .ARM.Collect$$libinit$$00000021          0x08000172   Section        0  libinit2.o(.ARM.Collect$$libinit$$00000021)
    .ARM.Collect$$libinit$$00000023          0x08000172   Section        0  libinit2.o(.ARM.Collect$$libinit$$00000023)
    .ARM.Collect$$libinit$$00000025          0x08000172   Section        0  libinit2.o(.ARM.Collect$$libinit$$00000025)
    .ARM.Collect$$libinit$$0000002C          0x08000172   Section        0  libinit2.o(.ARM.Collect$$libinit$$0000002C)
    .ARM.Collect$$libinit$$0000002E          0x08000172   Section        0  libinit2.o(.ARM.Collect$$libinit$$0000002E)
    .ARM.Collect$$libinit$$00000030          0x08000172   Section        0  libinit2.o(.ARM.Collect$$libinit$$00000030)
    .ARM.Collect$$libinit$$00000032          0x08000172   Section        0  libinit2.o(.ARM.Collect$$libinit$$00000032)
    .ARM.Collect$$libinit$$00000033          0x08000172   Section        2  libinit2.o(.ARM.Collect$$libinit$$00000033)
    .ARM.Collect$$libshutdown$$00000000      0x08000174   Section        2  libshutdown.o(.ARM.Collect$$libshutdown$$00000000)
    .ARM.Collect$$libshutdown$$00000002      0x08000176   Section        0  libshutdown2.o(.ARM.Collect$$libshutdown$$00000002)
    .ARM.Collect$$libshutdown$$00000004      0x08000176   Section        0  libshutdown2.o(.ARM.Collect$$libshutdown$$00000004)
    .ARM.Collect$$libshutdown$$00000007      0x08000176   Section        0  libshutdown2.o(.ARM.Collect$$libshutdown$$00000007)
    .ARM.Collect$$libshutdown$$0000000A      0x08000176   Section        0  libshutdown2.o(.ARM.Collect$$libshutdown$$0000000A)
    .ARM.Collect$$libshutdown$$0000000C      0x08000176   Section        0  libshutdown2.o(.ARM.Collect$$libshutdown$$0000000C)
    .ARM.Collect$$libshutdown$$0000000F      0x08000176   Section        0  libshutdown2.o(.ARM.Collect$$libshutdown$$0000000F)
    .ARM.Collect$$libshutdown$$00000010      0x08000176   Section        2  libshutdown2.o(.ARM.Collect$$libshutdown$$00000010)
    .ARM.Collect$$rtentry$$00000000          0x08000178   Section        0  __rtentry.o(.ARM.Collect$$rtentry$$00000000)
    .ARM.Collect$$rtentry$$00000002          0x08000178   Section        0  __rtentry2.o(.ARM.Collect$$rtentry$$00000002)
    .ARM.Collect$$rtentry$$00000004          0x08000178   Section        6  __rtentry4.o(.ARM.Collect$$rtentry$$00000004)
    .ARM.Collect$$rtentry$$00000009          0x0800017e   Section        0  __rtentry2.o(.ARM.Collect$$rtentry$$00000009)
    .ARM.Collect$$rtentry$$0000000A          0x0800017e   Section        4  __rtentry2.o(.ARM.Collect$$rtentry$$0000000A)
    .ARM.Collect$$rtentry$$0000000C          0x08000182   Section        0  __rtentry2.o(.ARM.Collect$$rtentry$$0000000C)
    .ARM.Collect$$rtentry$$0000000D          0x08000182   Section        8  __rtentry2.o(.ARM.Collect$$rtentry$$0000000D)
    .ARM.Collect$$rtexit$$00000000           0x0800018a   Section        2  rtexit.o(.ARM.Collect$$rtexit$$00000000)
    .ARM.Collect$$rtexit$$00000002           0x0800018c   Section        0  rtexit2.o(.ARM.Collect$$rtexit$$00000002)
    .ARM.Collect$$rtexit$$00000003           0x0800018c   Section        4  rtexit2.o(.ARM.Collect$$rtexit$$00000003)
    .ARM.Collect$$rtexit$$00000004           0x08000190   Section        6  rtexit2.o(.ARM.Collect$$rtexit$$00000004)
    .text                                    0x08000198   Section        0  gui.o(.text)
    _swap                                    0x0800082b   Thumb Code    10  gui.o(.text)
    .text                                    0x08001140   Section        0  main.o(.text)
    .text                                    0x08001166   Section        0  stm32f10x_it.o(.text)
    .text                                    0x08001180   Section        0  system_stm32f10x.o(.text)
    SetSysClockTo72                          0x08001181   Thumb Code   214  system_stm32f10x.o(.text)
    SetSysClock                              0x08001257   Thumb Code     8  system_stm32f10x.o(.text)
    .text                                    0x08001360   Section        0  test.o(.text)
    .text                                    0x080034dc   Section        0  lcd.o(.text)
    .text                                    0x08003b1c   Section        0  touch.o(.text)
    .text                                    0x08003b3c   Section        0  spi.o(.text)
    .text                                    0x08003c20   Section        0  ctpiic.o(.text)
    .text                                    0x08003e94   Section        0  ft6336.o(.text)
    .text                                    0x08004210   Section        0  led.o(.text)
    .text                                    0x08004254   Section        0  rtc.o(.text)
    RTC_NVIC_Config                          0x08004255   Thumb Code    32  rtc.o(.text)
    .text                                    0x08004704   Section       52  startup_stm32f10x_md.o(.text)
    .text                                    0x08004738   Section        0  misc.o(.text)
    .text                                    0x08004814   Section        0  stm32f10x_gpio.o(.text)
    .text                                    0x08004b70   Section        0  stm32f10x_rcc_2.o(.text)
    .text                                    0x08004f14   Section        0  stm32f10x_spi.o(.text)
    .text                                    0x08005220   Section        0  stm32f10x_bkp.o(.text)
    .text                                    0x080052e4   Section        0  stm32f10x_rtc.o(.text)
    .text                                    0x0800542c   Section        0  stm32f10x_pwr.o(.text)
    .text                                    0x080054f8   Section        0  delay.o(.text)
    .text                                    0x080055a4   Section        0  noretval__2sprintf.o(.text)
    .text                                    0x080055cc   Section        0  _printf_pad.o(.text)
    .text                                    0x0800561a   Section        0  _printf_str.o(.text)
    .text                                    0x0800566c   Section        0  _printf_dec.o(.text)
    .text                                    0x080056e4   Section        0  __printf_flags_wp.o(.text)
    .text                                    0x0800581c   Section        0  strlen.o(.text)
    .text                                    0x0800585a   Section      100  rt_memcpy_w.o(.text)
    .text                                    0x080058be   Section        0  heapauxi.o(.text)
    .text                                    0x080058c4   Section        0  _printf_intcommon.o(.text)
    .text                                    0x08005978   Section        0  _printf_char_common.o(.text)
    _printf_input_char                       0x08005979   Thumb Code    10  _printf_char_common.o(.text)
    .text                                    0x080059a8   Section        0  _sputc.o(.text)
    .text                                    0x080059b2   Section        0  _printf_char.o(.text)
    .text                                    0x080059de   Section       74  sys_stackheap_outer.o(.text)
    .text                                    0x08005a28   Section        0  exit.o(.text)
    .text                                    0x08005a3c   Section        8  libspace.o(.text)
    .text                                    0x08005a44   Section        0  sys_exit.o(.text)
    .text                                    0x08005a50   Section        2  use_no_semi.o(.text)
    .text                                    0x08005a52   Section        0  indicate_semi.o(.text)
    i._is_digit                              0x08005a52   Section        0  __printf_wp.o(i._is_digit)
    .constdata                               0x08005a60   Section     6248  gui.o(.constdata)
    .constdata                               0x080072c8   Section     3232  test.o(.constdata)
    .constdata                               0x08007f68   Section        4  ft6336.o(.constdata)
    .constdata                               0x08007f6c   Section       24  rtc.o(.constdata)
    .constdata                               0x08007f84   Section       17  __printf_flags_wp.o(.constdata)
    maptable                                 0x08007f84   Data          17  __printf_flags_wp.o(.constdata)
    .conststring                             0x08007f98   Section       53  test.o(.conststring)
    .data                                    0x20000000   Section       20  system_stm32f10x.o(.data)
    .data                                    0x20000014   Section      124  test.o(.data)
    prev_sec                                 0x20000088   Data           4  test.o(.data)
    prev_sec2                                0x2000008c   Data           4  test.o(.data)
    .data                                    0x20000090   Section        6  lcd.o(.data)
    .data                                    0x20000098   Section       20  touch.o(.data)
    .data                                    0x200000ac   Section        1  ft6336.o(.data)
    t                                        0x200000ac   Data           1  ft6336.o(.data)
    .data                                    0x200000b0   Section       14  rtc.o(.data)
    daycnt                                   0x200000bc   Data           2  rtc.o(.data)
    .data                                    0x200000be   Section       20  stm32f10x_rcc_2.o(.data)
    APBAHBPrescTable                         0x200000be   Data          16  stm32f10x_rcc_2.o(.data)
    ADCPrescTable                            0x200000ce   Data           4  stm32f10x_rcc_2.o(.data)
    .data                                    0x200000d2   Section        4  delay.o(.data)
    fac_us                                   0x200000d2   Data           1  delay.o(.data)
    fac_ms                                   0x200000d4   Data           2  delay.o(.data)
    .bss                                     0x200000d8   Section       88  test.o(.bss)
    .bss                                     0x20000130   Section       16  lcd.o(.bss)
    .bss                                     0x20000140   Section       30  rtc.o(.bss)
    .bss                                     0x20000160   Section       96  libspace.o(.bss)
    HEAP                                     0x200001c0   Section        0  startup_stm32f10x_md.o(HEAP)
    STACK                                    0x200001c0   Section      512  startup_stm32f10x_md.o(STACK)
    Heap_Mem                                 0x200001c0   Data           0  startup_stm32f10x_md.o(HEAP)
    Stack_Mem                                0x200001c0   Data         512  startup_stm32f10x_md.o(STACK)
    __initial_sp                             0x200003c0   Data           0  startup_stm32f10x_md.o(STACK)

    Global Symbols

    Symbol Name                              Value     Ov Type        Size  Object(Section)

    BuildAttributes$$THM_ISAv4$P$D$K$B$S$PE$A:L22UL41UL21$X:L11$S22US41US21$IEEE1$IW$USESV6$~STKCKD$USESV7$~SHL$OSPACE$ROPI$EBA8$UX$STANDARDLIB$REQ8$PRES8$EABIv2 0x00000000   Number         0  anon$$obj.o ABSOLUTE
    __ARM_use_no_argv                        0x00000000   Number         0  main.o ABSOLUTE
    _printf_flags                            0x00000000   Number         0  printf_stubs.o ABSOLUTE
    _printf_return_value                     0x00000000   Number         0  printf_stubs.o ABSOLUTE
    _printf_sizespec                         0x00000000   Number         0  printf_stubs.o ABSOLUTE
    _printf_widthprec                        0x00000000   Number         0  printf_stubs.o ABSOLUTE
    __ARM_exceptions_init                     - Undefined Weak Reference
    __alloca_initialize                       - Undefined Weak Reference
    __arm_preinit_                            - Undefined Weak Reference
    __cpp_initialize__aeabi_                  - Undefined Weak Reference
    __cxa_finalize                            - Undefined Weak Reference
    __rt_locale                               - Undefined Weak Reference
    __sigvec_lookup                           - Undefined Weak Reference
    _atexit_init                              - Undefined Weak Reference
    _call_atexit_fns                          - Undefined Weak Reference
    _clock_init                               - Undefined Weak Reference
    _fp_trap_init                             - Undefined Weak Reference
    _fp_trap_shutdown                         - Undefined Weak Reference
    _get_lc_collate                           - Undefined Weak Reference
    _get_lc_ctype                             - Undefined Weak Reference
    _get_lc_monetary                          - Undefined Weak Reference
    _get_lc_numeric                           - Undefined Weak Reference
    _get_lc_time                              - Undefined Weak Reference
    _getenv_init                              - Undefined Weak Reference
    _handle_redirection                       - Undefined Weak Reference
    _init_alloc                               - Undefined Weak Reference
    _init_user_alloc                          - Undefined Weak Reference
    _initio                                   - Undefined Weak Reference
    _printf_mbtowc                            - Undefined Weak Reference
    _printf_truncate_signed                   - Undefined Weak Reference
    _printf_truncate_unsigned                 - Undefined Weak Reference
    _rand_init                                - Undefined Weak Reference
    _signal_finish                            - Undefined Weak Reference
    _signal_init                              - Undefined Weak Reference
    _terminate_alloc                          - Undefined Weak Reference
    _terminate_user_alloc                     - Undefined Weak Reference
    _terminateio                              - Undefined Weak Reference
    __Vectors_Size                           0x000000ec   Number         0  startup_stm32f10x_md.o ABSOLUTE
    __Vectors                                0x08000000   Data           4  startup_stm32f10x_md.o(RESET)
    __Vectors_End                            0x080000ec   Data           0  startup_stm32f10x_md.o(RESET)
    __main                                   0x080000ed   Thumb Code     8  __main.o(!!!main)
    __scatterload                            0x080000f5   Thumb Code     0  __scatter.o(!!!scatter)
    __scatterload_rt2                        0x080000f5   Thumb Code    44  __scatter.o(!!!scatter)
    __scatterload_rt2_thumb_only             0x080000f5   Thumb Code     0  __scatter.o(!!!scatter)
    __scatterload_null                       0x08000103   Thumb Code     0  __scatter.o(!!!scatter)
    __scatterload_copy                       0x08000129   Thumb Code    26  __scatter_copy.o(!!handler_copy)
    __scatterload_zeroinit                   0x08000145   Thumb Code    28  __scatter_zi.o(!!handler_zi)
    _printf_d                                0x08000161   Thumb Code     0  _printf_d.o(.ARM.Collect$$_printf_percent$$00000009)
    _printf_percent                          0x08000161   Thumb Code     0  _printf_percent.o(.ARM.Collect$$_printf_percent$$00000000)
    _printf_s                                0x08000167   Thumb Code     0  _printf_s.o(.ARM.Collect$$_printf_percent$$00000014)
    _printf_percent_end                      0x0800016d   Thumb Code     0  _printf_percent_end.o(.ARM.Collect$$_printf_percent$$00000017)
    __rt_lib_init                            0x08000171   Thumb Code     0  libinit.o(.ARM.Collect$$libinit$$00000000)
    __rt_lib_init_alloca_1                   0x08000173   Thumb Code     0  libinit2.o(.ARM.Collect$$libinit$$0000002E)
    __rt_lib_init_argv_1                     0x08000173   Thumb Code     0  libinit2.o(.ARM.Collect$$libinit$$0000002C)
    __rt_lib_init_atexit_1                   0x08000173   Thumb Code     0  libinit2.o(.ARM.Collect$$libinit$$0000001B)
    __rt_lib_init_clock_1                    0x08000173   Thumb Code     0  libinit2.o(.ARM.Collect$$libinit$$00000021)
    __rt_lib_init_cpp_1                      0x08000173   Thumb Code     0  libinit2.o(.ARM.Collect$$libinit$$00000032)
    __rt_lib_init_exceptions_1               0x08000173   Thumb Code     0  libinit2.o(.ARM.Collect$$libinit$$00000030)
    __rt_lib_init_fp_1                       0x08000173   Thumb Code     0  libinit2.o(.ARM.Collect$$libinit$$00000002)
    __rt_lib_init_fp_trap_1                  0x08000173   Thumb Code     0  libinit2.o(.ARM.Collect$$libinit$$0000001F)
    __rt_lib_init_getenv_1                   0x08000173   Thumb Code     0  libinit2.o(.ARM.Collect$$libinit$$00000023)
    __rt_lib_init_heap_1                     0x08000173   Thumb Code     0  libinit2.o(.ARM.Collect$$libinit$$0000000A)
    __rt_lib_init_lc_collate_1               0x08000173   Thumb Code     0  libinit2.o(.ARM.Collect$$libinit$$00000011)
    __rt_lib_init_lc_ctype_1                 0x08000173   Thumb Code     0  libinit2.o(.ARM.Collect$$libinit$$00000013)
    __rt_lib_init_lc_monetary_1              0x08000173   Thumb Code     0  libinit2.o(.ARM.Collect$$libinit$$00000015)
    __rt_lib_init_lc_numeric_1               0x08000173   Thumb Code     0  libinit2.o(.ARM.Collect$$libinit$$00000017)
    __rt_lib_init_lc_time_1                  0x08000173   Thumb Code     0  libinit2.o(.ARM.Collect$$libinit$$00000019)
    __rt_lib_init_preinit_1                  0x08000173   Thumb Code     0  libinit2.o(.ARM.Collect$$libinit$$00000004)
    __rt_lib_init_rand_1                     0x08000173   Thumb Code     0  libinit2.o(.ARM.Collect$$libinit$$0000000E)
    __rt_lib_init_return                     0x08000173   Thumb Code     0  libinit2.o(.ARM.Collect$$libinit$$00000033)
    __rt_lib_init_signal_1                   0x08000173   Thumb Code     0  libinit2.o(.ARM.Collect$$libinit$$0000001D)
    __rt_lib_init_stdio_1                    0x08000173   Thumb Code     0  libinit2.o(.ARM.Collect$$libinit$$00000025)
    __rt_lib_init_user_alloc_1               0x08000173   Thumb Code     0  libinit2.o(.ARM.Collect$$libinit$$0000000C)
    __rt_lib_shutdown                        0x08000175   Thumb Code     0  libshutdown.o(.ARM.Collect$$libshutdown$$00000000)
    __rt_lib_shutdown_cpp_1                  0x08000177   Thumb Code     0  libshutdown2.o(.ARM.Collect$$libshutdown$$00000002)
    __rt_lib_shutdown_fp_trap_1              0x08000177   Thumb Code     0  libshutdown2.o(.ARM.Collect$$libshutdown$$00000007)
    __rt_lib_shutdown_heap_1                 0x08000177   Thumb Code     0  libshutdown2.o(.ARM.Collect$$libshutdown$$0000000F)
    __rt_lib_shutdown_return                 0x08000177   Thumb Code     0  libshutdown2.o(.ARM.Collect$$libshutdown$$00000010)
    __rt_lib_shutdown_signal_1               0x08000177   Thumb Code     0  libshutdown2.o(.ARM.Collect$$libshutdown$$0000000A)
    __rt_lib_shutdown_stdio_1                0x08000177   Thumb Code     0  libshutdown2.o(.ARM.Collect$$libshutdown$$00000004)
    __rt_lib_shutdown_user_alloc_1           0x08000177   Thumb Code     0  libshutdown2.o(.ARM.Collect$$libshutdown$$0000000C)
    __rt_entry                               0x08000179   Thumb Code     0  __rtentry.o(.ARM.Collect$$rtentry$$00000000)
    __rt_entry_presh_1                       0x08000179   Thumb Code     0  __rtentry2.o(.ARM.Collect$$rtentry$$00000002)
    __rt_entry_sh                            0x08000179   Thumb Code     0  __rtentry4.o(.ARM.Collect$$rtentry$$00000004)
    __rt_entry_li                            0x0800017f   Thumb Code     0  __rtentry2.o(.ARM.Collect$$rtentry$$0000000A)
    __rt_entry_postsh_1                      0x0800017f   Thumb Code     0  __rtentry2.o(.ARM.Collect$$rtentry$$00000009)
    __rt_entry_main                          0x08000183   Thumb Code     0  __rtentry2.o(.ARM.Collect$$rtentry$$0000000D)
    __rt_entry_postli_1                      0x08000183   Thumb Code     0  __rtentry2.o(.ARM.Collect$$rtentry$$0000000C)
    __rt_exit                                0x0800018b   Thumb Code     0  rtexit.o(.ARM.Collect$$rtexit$$00000000)
    __rt_exit_ls                             0x0800018d   Thumb Code     0  rtexit2.o(.ARM.Collect$$rtexit$$00000003)
    __rt_exit_prels_1                        0x0800018d   Thumb Code     0  rtexit2.o(.ARM.Collect$$rtexit$$00000002)
    __rt_exit_exit                           0x08000191   Thumb Code     0  rtexit2.o(.ARM.Collect$$rtexit$$00000004)
    GUI_DrawPoint                            0x08000199   Thumb Code    24  gui.o(.text)
    LCD_Fill                                 0x080001b1   Thumb Code   110  gui.o(.text)
    LCD_DrawLine                             0x0800021f   Thumb Code   176  gui.o(.text)
    _draw_circle_8                           0x080002cf   Thumb Code   132  gui.o(.text)
    gui_circle                               0x08000353   Thumb Code   154  gui.o(.text)
    LCD_DrawLine2                            0x080003ed   Thumb Code   170  gui.o(.text)
    LCD_DrawRectangle                        0x08000497   Thumb Code    64  gui.o(.text)
    LCD_DrawFillRectangle                    0x080004d7   Thumb Code    30  gui.o(.text)
    Draw_Circle_Helper                       0x080004f5   Thumb Code   214  gui.o(.text)
    Fill_Circle_Helper                       0x080005cb   Thumb Code   288  gui.o(.text)
    LCD_DrawRoundRectangle                   0x080006eb   Thumb Code   154  gui.o(.text)
    LCD_FillRoundRectangle                   0x08000785   Thumb Code   110  gui.o(.text)
    Draw_Triangel                            0x080007f3   Thumb Code    56  gui.o(.text)
    Fill_Triangel                            0x08000835   Thumb Code   522  gui.o(.text)
    LCD_ShowChar                             0x08000a3f   Thumb Code   276  gui.o(.text)
    LCD_ShowString                           0x08000b53   Thumb Code   110  gui.o(.text)
    mypow                                    0x08000bc1   Thumb Code    22  gui.o(.text)
    LCD_ShowNum                              0x08000bd7   Thumb Code   168  gui.o(.text)
    GUI_DrawFont16                           0x08000c7f   Thumb Code   252  gui.o(.text)
    GUI_DrawFont24                           0x08000d7b   Thumb Code   268  gui.o(.text)
    GUI_DrawFont32                           0x08000e87   Thumb Code   278  gui.o(.text)
    Show_Str                                 0x08000f9d   Thumb Code   264  gui.o(.text)
    Gui_StrCenter                            0x080010a5   Thumb Code    60  gui.o(.text)
    Gui_Drawbmp16                            0x080010e1   Thumb Code    90  gui.o(.text)
    main                                     0x08001141   Thumb Code    38  main.o(.text)
    NMI_Handler                              0x08001167   Thumb Code     2  stm32f10x_it.o(.text)
    HardFault_Handler                        0x08001169   Thumb Code     4  stm32f10x_it.o(.text)
    MemManage_Handler                        0x0800116d   Thumb Code     4  stm32f10x_it.o(.text)
    BusFault_Handler                         0x08001171   Thumb Code     4  stm32f10x_it.o(.text)
    UsageFault_Handler                       0x08001175   Thumb Code     4  stm32f10x_it.o(.text)
    SVC_Handler                              0x08001179   Thumb Code     2  stm32f10x_it.o(.text)
    DebugMon_Handler                         0x0800117b   Thumb Code     2  stm32f10x_it.o(.text)
    PendSV_Handler                           0x0800117d   Thumb Code     2  stm32f10x_it.o(.text)
    SysTick_Handler                          0x0800117f   Thumb Code     2  stm32f10x_it.o(.text)
    SystemInit                               0x0800125f   Thumb Code    78  system_stm32f10x.o(.text)
    SystemCoreClockUpdate                    0x080012ad   Thumb Code   142  system_stm32f10x.o(.text)
    DrawTestPage                             0x08001361   Thumb Code    64  test.o(.text)
    Disp_Duration                            0x080013a1   Thumb Code    40  test.o(.text)
    judge_date                               0x080013c9   Thumb Code   260  test.o(.text)
    Disp_Next_Time                           0x080014cd   Thumb Code   132  test.o(.text)
    set_locked_time                          0x08001551   Thumb Code   108  test.o(.text)
    Display_Countdown                        0x080015bd   Thumb Code   110  test.o(.text)
    Countdown_To_Next                        0x0800162b   Thumb Code   584  test.o(.text)
    Disp_Time                                0x08001873   Thumb Code   230  test.o(.text)
    duration_ok                              0x08001959   Thumb Code   480  test.o(.text)
    Touch_Button_Test                        0x08001b39   Thumb Code  6500  test.o(.text)
    Touch_Test                               0x0800349d   Thumb Code    16  test.o(.text)
    LCD_WR_REG                               0x080034dd   Thumb Code    36  lcd.o(.text)
    LCD_WR_DATA                              0x08003501   Thumb Code    38  lcd.o(.text)
    LCD_RD_DATA                              0x08003527   Thumb Code    56  lcd.o(.text)
    LCD_WriteReg                             0x0800355f   Thumb Code    20  lcd.o(.text)
    LCD_ReadReg                              0x08003573   Thumb Code    16  lcd.o(.text)
    LCD_WriteRAM_Prepare                     0x08003583   Thumb Code    12  lcd.o(.text)
    LCD_ReadRAM_Prepare                      0x0800358f   Thumb Code    12  lcd.o(.text)
    Lcd_WriteData_16Bit                      0x0800359b   Thumb Code    46  lcd.o(.text)
    Lcd_ReadData_16Bit                       0x080035c9   Thumb Code   100  lcd.o(.text)
    LCD_SetWindows                           0x0800362d   Thumb Code    84  lcd.o(.text)
    LCD_SetCursor                            0x08003681   Thumb Code    20  lcd.o(.text)
    LCD_DrawPoint                            0x08003695   Thumb Code    24  lcd.o(.text)
    LCD_ReadPoint                            0x080036ad   Thumb Code    24  lcd.o(.text)
    LCD_Clear                                0x080036c5   Thumb Code    98  lcd.o(.text)
    LCD_GPIOInit                             0x08003727   Thumb Code    48  lcd.o(.text)
    LCD_RESET                                0x08003757   Thumb Code    34  lcd.o(.text)
    LCD_direction                            0x08003779   Thumb Code   162  lcd.o(.text)
    LCD_Init                                 0x0800381b   Thumb Code   514  lcd.o(.text)
    LCD_Read_ID                              0x08003a1d   Thumb Code   244  lcd.o(.text)
    TP_Init                                  0x08003b1d   Thumb Code    22  touch.o(.text)
    SPI_WriteByte                            0x08003b3d   Thumb Code    34  spi.o(.text)
    SPI_SetSpeed                             0x08003b5f   Thumb Code    38  spi.o(.text)
    SPI1_Init                                0x08003b85   Thumb Code   146  spi.o(.text)
    CTP_Delay                                0x08003c21   Thumb Code    10  ctpiic.o(.text)
    CTP_IIC_Init                             0x08003c2b   Thumb Code    66  ctpiic.o(.text)
    CTP_IIC_Start                            0x08003c6d   Thumb Code    64  ctpiic.o(.text)
    CTP_IIC_Stop                             0x08003cad   Thumb Code    64  ctpiic.o(.text)
    CTP_IIC_Wait_Ack                         0x08003ced   Thumb Code    88  ctpiic.o(.text)
    CTP_IIC_Ack                              0x08003d45   Thumb Code    66  ctpiic.o(.text)
    CTP_IIC_NAck                             0x08003d87   Thumb Code    66  ctpiic.o(.text)
    CTP_IIC_Send_Byte                        0x08003dc9   Thumb Code    82  ctpiic.o(.text)
    CTP_IIC_Read_Byte                        0x08003e1b   Thumb Code    96  ctpiic.o(.text)
    FT6336_WR_Reg                            0x08003e95   Thumb Code    82  ft6336.o(.text)
    FT6336_RD_Reg                            0x08003ee7   Thumb Code    88  ft6336.o(.text)
    FT6336_Init                              0x08003f3f   Thumb Code   208  ft6336.o(.text)
    FT6336_Scan                              0x0800400f   Thumb Code   484  ft6336.o(.text)
    led_init                                 0x08004211   Thumb Code    38  led.o(.text)
    led_on                                   0x08004237   Thumb Code    12  led.o(.text)
    led_off                                  0x08004243   Thumb Code    12  led.o(.text)
    Set_Next_Time_init                       0x08004275   Thumb Code    54  rtc.o(.text)
    RTC_Get_Week                             0x080042ab   Thumb Code   116  rtc.o(.text)
    Is_Leap_Year                             0x0800431f   Thumb Code    58  rtc.o(.text)
    RTC_Get                                  0x08004359   Thumb Code   248  rtc.o(.text)
    RTC_Set                                  0x08004451   Thumb Code   184  rtc.o(.text)
    RTC_Init                                 0x08004509   Thumb Code   196  rtc.o(.text)
    RTC_IRQHandler                           0x080045cd   Thumb Code    44  rtc.o(.text)
    RTC_Alarm_Set                            0x080045f9   Thumb Code   222  rtc.o(.text)
    Set_Next_Time                            0x080046d7   Thumb Code    40  rtc.o(.text)
    Reset_Handler                            0x08004705   Thumb Code     4  startup_stm32f10x_md.o(.text)
    ADC1_2_IRQHandler                        0x0800471b   Thumb Code     0  startup_stm32f10x_md.o(.text)
    CAN1_RX1_IRQHandler                      0x0800471b   Thumb Code     0  startup_stm32f10x_md.o(.text)
    CAN1_SCE_IRQHandler                      0x0800471b   Thumb Code     0  startup_stm32f10x_md.o(.text)
    DMA1_Channel1_IRQHandler                 0x0800471b   Thumb Code     0  startup_stm32f10x_md.o(.text)
    DMA1_Channel2_IRQHandler                 0x0800471b   Thumb Code     0  startup_stm32f10x_md.o(.text)
    DMA1_Channel3_IRQHandler                 0x0800471b   Thumb Code     0  startup_stm32f10x_md.o(.text)
    DMA1_Channel4_IRQHandler                 0x0800471b   Thumb Code     0  startup_stm32f10x_md.o(.text)
    DMA1_Channel5_IRQHandler                 0x0800471b   Thumb Code     0  startup_stm32f10x_md.o(.text)
    DMA1_Channel6_IRQHandler                 0x0800471b   Thumb Code     0  startup_stm32f10x_md.o(.text)
    DMA1_Channel7_IRQHandler                 0x0800471b   Thumb Code     0  startup_stm32f10x_md.o(.text)
    EXTI0_IRQHandler                         0x0800471b   Thumb Code     0  startup_stm32f10x_md.o(.text)
    EXTI15_10_IRQHandler                     0x0800471b   Thumb Code     0  startup_stm32f10x_md.o(.text)
    EXTI1_IRQHandler                         0x0800471b   Thumb Code     0  startup_stm32f10x_md.o(.text)
    EXTI2_IRQHandler                         0x0800471b   Thumb Code     0  startup_stm32f10x_md.o(.text)
    EXTI3_IRQHandler                         0x0800471b   Thumb Code     0  startup_stm32f10x_md.o(.text)
    EXTI4_IRQHandler                         0x0800471b   Thumb Code     0  startup_stm32f10x_md.o(.text)
    EXTI9_5_IRQHandler                       0x0800471b   Thumb Code     0  startup_stm32f10x_md.o(.text)
    FLASH_IRQHandler                         0x0800471b   Thumb Code     0  startup_stm32f10x_md.o(.text)
    I2C1_ER_IRQHandler                       0x0800471b   Thumb Code     0  startup_stm32f10x_md.o(.text)
    I2C1_EV_IRQHandler                       0x0800471b   Thumb Code     0  startup_stm32f10x_md.o(.text)
    I2C2_ER_IRQHandler                       0x0800471b   Thumb Code     0  startup_stm32f10x_md.o(.text)
    I2C2_EV_IRQHandler                       0x0800471b   Thumb Code     0  startup_stm32f10x_md.o(.text)
    PVD_IRQHandler                           0x0800471b   Thumb Code     0  startup_stm32f10x_md.o(.text)
    RCC_IRQHandler                           0x0800471b   Thumb Code     0  startup_stm32f10x_md.o(.text)
    RTCAlarm_IRQHandler                      0x0800471b   Thumb Code     0  startup_stm32f10x_md.o(.text)
    SPI1_IRQHandler                          0x0800471b   Thumb Code     0  startup_stm32f10x_md.o(.text)
    SPI2_IRQHandler                          0x0800471b   Thumb Code     0  startup_stm32f10x_md.o(.text)
    TAMPER_IRQHandler                        0x0800471b   Thumb Code     0  startup_stm32f10x_md.o(.text)
    TIM1_BRK_IRQHandler                      0x0800471b   Thumb Code     0  startup_stm32f10x_md.o(.text)
    TIM1_CC_IRQHandler                       0x0800471b   Thumb Code     0  startup_stm32f10x_md.o(.text)
    TIM1_TRG_COM_IRQHandler                  0x0800471b   Thumb Code     0  startup_stm32f10x_md.o(.text)
    TIM1_UP_IRQHandler                       0x0800471b   Thumb Code     0  startup_stm32f10x_md.o(.text)
    TIM2_IRQHandler                          0x0800471b   Thumb Code     0  startup_stm32f10x_md.o(.text)
    TIM3_IRQHandler                          0x0800471b   Thumb Code     0  startup_stm32f10x_md.o(.text)
    TIM4_IRQHandler                          0x0800471b   Thumb Code     0  startup_stm32f10x_md.o(.text)
    USART1_IRQHandler                        0x0800471b   Thumb Code     0  startup_stm32f10x_md.o(.text)
    USART2_IRQHandler                        0x0800471b   Thumb Code     0  startup_stm32f10x_md.o(.text)
    USART3_IRQHandler                        0x0800471b   Thumb Code     0  startup_stm32f10x_md.o(.text)
    USBWakeUp_IRQHandler                     0x0800471b   Thumb Code     0  startup_stm32f10x_md.o(.text)
    USB_HP_CAN1_TX_IRQHandler                0x0800471b   Thumb Code     0  startup_stm32f10x_md.o(.text)
    USB_LP_CAN1_RX0_IRQHandler               0x0800471b   Thumb Code     0  startup_stm32f10x_md.o(.text)
    WWDG_IRQHandler                          0x0800471b   Thumb Code     0  startup_stm32f10x_md.o(.text)
    __user_initial_stackheap                 0x0800471d   Thumb Code     0  startup_stm32f10x_md.o(.text)
    NVIC_PriorityGroupConfig                 0x08004739   Thumb Code    10  misc.o(.text)
    NVIC_Init                                0x08004743   Thumb Code   100  misc.o(.text)
    NVIC_SetVectorTable                      0x080047a7   Thumb Code    14  misc.o(.text)
    NVIC_SystemLPConfig                      0x080047b5   Thumb Code    34  misc.o(.text)
    SysTick_CLKSourceConfig                  0x080047d7   Thumb Code    40  misc.o(.text)
    GPIO_DeInit                              0x08004815   Thumb Code   172  stm32f10x_gpio.o(.text)
    GPIO_AFIODeInit                          0x080048c1   Thumb Code    20  stm32f10x_gpio.o(.text)
    GPIO_Init                                0x080048d5   Thumb Code   278  stm32f10x_gpio.o(.text)
    GPIO_StructInit                          0x080049eb   Thumb Code    16  stm32f10x_gpio.o(.text)
    GPIO_ReadInputDataBit                    0x080049fb   Thumb Code    18  stm32f10x_gpio.o(.text)
    GPIO_ReadInputData                       0x08004a0d   Thumb Code     8  stm32f10x_gpio.o(.text)
    GPIO_ReadOutputDataBit                   0x08004a15   Thumb Code    18  stm32f10x_gpio.o(.text)
    GPIO_ReadOutputData                      0x08004a27   Thumb Code     8  stm32f10x_gpio.o(.text)
    GPIO_SetBits                             0x08004a2f   Thumb Code     4  stm32f10x_gpio.o(.text)
    GPIO_ResetBits                           0x08004a33   Thumb Code     4  stm32f10x_gpio.o(.text)
    GPIO_WriteBit                            0x08004a37   Thumb Code    10  stm32f10x_gpio.o(.text)
    GPIO_Write                               0x08004a41   Thumb Code     4  stm32f10x_gpio.o(.text)
    GPIO_PinLockConfig                       0x08004a45   Thumb Code    18  stm32f10x_gpio.o(.text)
    GPIO_EventOutputConfig                   0x08004a57   Thumb Code    26  stm32f10x_gpio.o(.text)
    GPIO_EventOutputCmd                      0x08004a71   Thumb Code     6  stm32f10x_gpio.o(.text)
    GPIO_PinRemapConfig                      0x08004a77   Thumb Code   138  stm32f10x_gpio.o(.text)
    GPIO_EXTILineConfig                      0x08004b01   Thumb Code    66  stm32f10x_gpio.o(.text)
    GPIO_ETH_MediaInterfaceConfig            0x08004b43   Thumb Code     8  stm32f10x_gpio.o(.text)
    RCC_DeInit                               0x08004b71   Thumb Code    64  stm32f10x_rcc_2.o(.text)
    RCC_HSEConfig                            0x08004bb1   Thumb Code    70  stm32f10x_rcc_2.o(.text)
    RCC_GetFlagStatus                        0x08004bf7   Thumb Code    56  stm32f10x_rcc_2.o(.text)
    RCC_WaitForHSEStartUp                    0x08004c2f   Thumb Code    56  stm32f10x_rcc_2.o(.text)
    RCC_AdjustHSICalibrationValue            0x08004c67   Thumb Code    20  stm32f10x_rcc_2.o(.text)
    RCC_HSICmd                               0x08004c7b   Thumb Code     6  stm32f10x_rcc_2.o(.text)
    RCC_PLLConfig                            0x08004c81   Thumb Code    24  stm32f10x_rcc_2.o(.text)
    RCC_PLLCmd                               0x08004c99   Thumb Code     6  stm32f10x_rcc_2.o(.text)
    RCC_SYSCLKConfig                         0x08004c9f   Thumb Code    18  stm32f10x_rcc_2.o(.text)
    RCC_GetSYSCLKSource                      0x08004cb1   Thumb Code    10  stm32f10x_rcc_2.o(.text)
    RCC_HCLKConfig                           0x08004cbb   Thumb Code    18  stm32f10x_rcc_2.o(.text)
    RCC_PCLK1Config                          0x08004ccd   Thumb Code    18  stm32f10x_rcc_2.o(.text)
    RCC_PCLK2Config                          0x08004cdf   Thumb Code    20  stm32f10x_rcc_2.o(.text)
    RCC_ITConfig                             0x08004cf3   Thumb Code    26  stm32f10x_rcc_2.o(.text)
    RCC_USBCLKConfig                         0x08004d0d   Thumb Code     8  stm32f10x_rcc_2.o(.text)
    RCC_ADCCLKConfig                         0x08004d15   Thumb Code    18  stm32f10x_rcc_2.o(.text)
    RCC_LSEConfig                            0x08004d27   Thumb Code    50  stm32f10x_rcc_2.o(.text)
    RCC_LSICmd                               0x08004d59   Thumb Code     6  stm32f10x_rcc_2.o(.text)
    RCC_RTCCLKConfig                         0x08004d5f   Thumb Code    12  stm32f10x_rcc_2.o(.text)
    RCC_RTCCLKCmd                            0x08004d6b   Thumb Code     8  stm32f10x_rcc_2.o(.text)
    RCC_GetClocksFreq                        0x08004d73   Thumb Code   192  stm32f10x_rcc_2.o(.text)
    RCC_AHBPeriphClockCmd                    0x08004e33   Thumb Code    26  stm32f10x_rcc_2.o(.text)
    RCC_APB2PeriphClockCmd                   0x08004e4d   Thumb Code    26  stm32f10x_rcc_2.o(.text)
    RCC_APB1PeriphClockCmd                   0x08004e67   Thumb Code    26  stm32f10x_rcc_2.o(.text)
    RCC_APB2PeriphResetCmd                   0x08004e81   Thumb Code    26  stm32f10x_rcc_2.o(.text)
    RCC_APB1PeriphResetCmd                   0x08004e9b   Thumb Code    26  stm32f10x_rcc_2.o(.text)
    RCC_BackupResetCmd                       0x08004eb5   Thumb Code     8  stm32f10x_rcc_2.o(.text)
    RCC_ClockSecuritySystemCmd               0x08004ebd   Thumb Code     6  stm32f10x_rcc_2.o(.text)
    RCC_MCOConfig                            0x08004ec3   Thumb Code     6  stm32f10x_rcc_2.o(.text)
    RCC_ClearFlag                            0x08004ec9   Thumb Code    14  stm32f10x_rcc_2.o(.text)
    RCC_GetITStatus                          0x08004ed7   Thumb Code    20  stm32f10x_rcc_2.o(.text)
    RCC_ClearITPendingBit                    0x08004eeb   Thumb Code     6  stm32f10x_rcc_2.o(.text)
    SPI_I2S_DeInit                           0x08004f15   Thumb Code    76  stm32f10x_spi.o(.text)
    SPI_Init                                 0x08004f61   Thumb Code    60  stm32f10x_spi.o(.text)
    I2S_Init                                 0x08004f9d   Thumb Code   226  stm32f10x_spi.o(.text)
    SPI_StructInit                           0x0800507f   Thumb Code    24  stm32f10x_spi.o(.text)
    I2S_StructInit                           0x08005097   Thumb Code    20  stm32f10x_spi.o(.text)
    SPI_Cmd                                  0x080050ab   Thumb Code    24  stm32f10x_spi.o(.text)
    I2S_Cmd                                  0x080050c3   Thumb Code    24  stm32f10x_spi.o(.text)
    SPI_I2S_ITConfig                         0x080050db   Thumb Code    32  stm32f10x_spi.o(.text)
    SPI_I2S_DMACmd                           0x080050fb   Thumb Code    18  stm32f10x_spi.o(.text)
    SPI_I2S_SendData                         0x0800510d   Thumb Code     4  stm32f10x_spi.o(.text)
    SPI_I2S_ReceiveData                      0x08005111   Thumb Code     6  stm32f10x_spi.o(.text)
    SPI_NSSInternalSoftwareConfig            0x08005117   Thumb Code    30  stm32f10x_spi.o(.text)
    SPI_SSOutputCmd                          0x08005135   Thumb Code    24  stm32f10x_spi.o(.text)
    SPI_DataSizeConfig                       0x0800514d   Thumb Code    18  stm32f10x_spi.o(.text)
    SPI_TransmitCRC                          0x0800515f   Thumb Code    10  stm32f10x_spi.o(.text)
    SPI_CalculateCRC                         0x08005169   Thumb Code    24  stm32f10x_spi.o(.text)
    SPI_GetCRC                               0x08005181   Thumb Code    16  stm32f10x_spi.o(.text)
    SPI_GetCRCPolynomial                     0x08005191   Thumb Code     6  stm32f10x_spi.o(.text)
    SPI_BiDirectionalLineConfig              0x08005197   Thumb Code    28  stm32f10x_spi.o(.text)
    SPI_I2S_GetFlagStatus                    0x080051b3   Thumb Code    18  stm32f10x_spi.o(.text)
    SPI_I2S_ClearFlag                        0x080051c5   Thumb Code     6  stm32f10x_spi.o(.text)
    SPI_I2S_GetITStatus                      0x080051cb   Thumb Code    52  stm32f10x_spi.o(.text)
    SPI_I2S_ClearITPendingBit                0x080051ff   Thumb Code    20  stm32f10x_spi.o(.text)
    BKP_DeInit                               0x08005221   Thumb Code    16  stm32f10x_bkp.o(.text)
    BKP_TamperPinLevelConfig                 0x08005231   Thumb Code     6  stm32f10x_bkp.o(.text)
    BKP_TamperPinCmd                         0x08005237   Thumb Code     8  stm32f10x_bkp.o(.text)
    BKP_ITConfig                             0x0800523f   Thumb Code     8  stm32f10x_bkp.o(.text)
    BKP_RTCOutputConfig                      0x08005247   Thumb Code    22  stm32f10x_bkp.o(.text)
    BKP_SetRTCCalibrationValue               0x0800525d   Thumb Code    22  stm32f10x_bkp.o(.text)
    BKP_WriteBackupRegister                  0x08005273   Thumb Code    24  stm32f10x_bkp.o(.text)
    BKP_ReadBackupRegister                   0x0800528b   Thumb Code    26  stm32f10x_bkp.o(.text)
    BKP_GetFlagStatus                        0x080052a5   Thumb Code    10  stm32f10x_bkp.o(.text)
    BKP_ClearFlag                            0x080052af   Thumb Code    18  stm32f10x_bkp.o(.text)
    BKP_GetITStatus                          0x080052c1   Thumb Code    10  stm32f10x_bkp.o(.text)
    BKP_ClearITPendingBit                    0x080052cb   Thumb Code    18  stm32f10x_bkp.o(.text)
    RTC_ITConfig                             0x080052e5   Thumb Code    26  stm32f10x_rtc.o(.text)
    RTC_EnterConfigMode                      0x080052ff   Thumb Code    18  stm32f10x_rtc.o(.text)
    RTC_ExitConfigMode                       0x08005311   Thumb Code    20  stm32f10x_rtc.o(.text)
    RTC_GetCounter                           0x08005325   Thumb Code    18  stm32f10x_rtc.o(.text)
    RTC_SetCounter                           0x08005337   Thumb Code    26  stm32f10x_rtc.o(.text)
    RTC_SetPrescaler                         0x08005351   Thumb Code    28  stm32f10x_rtc.o(.text)
    RTC_SetAlarm                             0x0800536d   Thumb Code    26  stm32f10x_rtc.o(.text)
    RTC_GetDivider                           0x08005387   Thumb Code    22  stm32f10x_rtc.o(.text)
    RTC_WaitForLastTask                      0x0800539d   Thumb Code    18  stm32f10x_rtc.o(.text)
    RTC_WaitForSynchro                       0x080053af   Thumb Code    36  stm32f10x_rtc.o(.text)
    RTC_GetFlagStatus                        0x080053d3   Thumb Code    22  stm32f10x_rtc.o(.text)
    RTC_ClearFlag                            0x080053e9   Thumb Code    16  stm32f10x_rtc.o(.text)
    RTC_GetITStatus                          0x080053f9   Thumb Code    32  stm32f10x_rtc.o(.text)
    RTC_ClearITPendingBit                    0x08005419   Thumb Code    16  stm32f10x_rtc.o(.text)
    PWR_DeInit                               0x0800542d   Thumb Code    22  stm32f10x_pwr.o(.text)
    PWR_BackupAccessCmd                      0x08005443   Thumb Code     6  stm32f10x_pwr.o(.text)
    PWR_PVDCmd                               0x08005449   Thumb Code     6  stm32f10x_pwr.o(.text)
    PWR_PVDLevelConfig                       0x0800544f   Thumb Code    18  stm32f10x_pwr.o(.text)
    PWR_WakeUpPinCmd                         0x08005461   Thumb Code     8  stm32f10x_pwr.o(.text)
    PWR_EnterSTOPMode                        0x08005469   Thumb Code    54  stm32f10x_pwr.o(.text)
    PWR_EnterSTANDBYMode                     0x0800549f   Thumb Code    42  stm32f10x_pwr.o(.text)
    PWR_GetFlagStatus                        0x080054c9   Thumb Code    20  stm32f10x_pwr.o(.text)
    PWR_ClearFlag                            0x080054dd   Thumb Code    14  stm32f10x_pwr.o(.text)
    delay_init                               0x080054f9   Thumb Code    52  delay.o(.text)
    delay_ms                                 0x0800552d   Thumb Code    56  delay.o(.text)
    delay_us                                 0x08005565   Thumb Code    56  delay.o(.text)
    __2sprintf                               0x080055a5   Thumb Code    34  noretval__2sprintf.o(.text)
    _printf_pre_padding                      0x080055cd   Thumb Code    44  _printf_pad.o(.text)
    _printf_post_padding                     0x080055f9   Thumb Code    34  _printf_pad.o(.text)
    _printf_str                              0x0800561b   Thumb Code    82  _printf_str.o(.text)
    _printf_int_dec                          0x0800566d   Thumb Code   104  _printf_dec.o(.text)
    __printf                                 0x080056e5   Thumb Code   308  __printf_flags_wp.o(.text)
    strlen                                   0x0800581d   Thumb Code    62  strlen.o(.text)
    __aeabi_memcpy4                          0x0800585b   Thumb Code     0  rt_memcpy_w.o(.text)
    __aeabi_memcpy8                          0x0800585b   Thumb Code     0  rt_memcpy_w.o(.text)
    __rt_memcpy_w                            0x0800585b   Thumb Code   100  rt_memcpy_w.o(.text)
    _memcpy_lastbytes_aligned                0x080058a3   Thumb Code     0  rt_memcpy_w.o(.text)
    __use_two_region_memory                  0x080058bf   Thumb Code     2  heapauxi.o(.text)
    __rt_heap_escrow$2region                 0x080058c1   Thumb Code     2  heapauxi.o(.text)
    __rt_heap_expand$2region                 0x080058c3   Thumb Code     2  heapauxi.o(.text)
    _printf_int_common                       0x080058c5   Thumb Code   178  _printf_intcommon.o(.text)
    _printf_char_common                      0x08005983   Thumb Code    32  _printf_char_common.o(.text)
    _sputc                                   0x080059a9   Thumb Code    10  _sputc.o(.text)
    _printf_cs_common                        0x080059b3   Thumb Code    20  _printf_char.o(.text)
    _printf_char                             0x080059c7   Thumb Code    16  _printf_char.o(.text)
    _printf_string                           0x080059d7   Thumb Code     8  _printf_char.o(.text)
    __user_setup_stackheap                   0x080059df   Thumb Code    74  sys_stackheap_outer.o(.text)
    exit                                     0x08005a29   Thumb Code    18  exit.o(.text)
    __user_libspace                          0x08005a3d   Thumb Code     8  libspace.o(.text)
    __user_perproc_libspace                  0x08005a3d   Thumb Code     0  libspace.o(.text)
    __user_perthread_libspace                0x08005a3d   Thumb Code     0  libspace.o(.text)
    _sys_exit                                0x08005a45   Thumb Code     8  sys_exit.o(.text)
    __I$use$semihosting                      0x08005a51   Thumb Code     0  use_no_semi.o(.text)
    __use_no_semihosting_swi                 0x08005a51   Thumb Code     2  use_no_semi.o(.text)
    __semihosting_library_function           0x08005a53   Thumb Code     0  indicate_semi.o(.text)
    _is_digit                                0x08005a53   Thumb Code    14  __printf_wp.o(i._is_digit)
    asc2_1206                                0x08005a60   Data        1140  gui.o(.constdata)
    asc2_1608                                0x08005ed4   Data        1520  gui.o(.constdata)
    tfont16                                  0x080064c4   Data        2550  gui.o(.constdata)
    tfont24                                  0x08006eba   Data         518  gui.o(.constdata)
    tfont32                                  0x080070c0   Data         520  gui.o(.constdata)
    gImage_qq                                0x080072c8   Data        3200  test.o(.constdata)
    POINT_COLOR_TBL                          0x08007f48   Data           2  test.o(.constdata)
    FT6336_TPX_TBL                           0x08007f68   Data           4  ft6336.o(.constdata)
    table_week                               0x08007f6c   Data          12  rtc.o(.constdata)
    mon_table                                0x08007f78   Data          12  rtc.o(.constdata)
    Region$$Table$$Base                      0x08007fd0   Number         0  anon$$obj.o(Region$$Table)
    Region$$Table$$Limit                     0x08007ff0   Number         0  anon$$obj.o(Region$$Table)
    SystemCoreClock                          0x20000000   Data           4  system_stm32f10x.o(.data)
    AHBPrescTable                            0x20000004   Data          16  system_stm32f10x.o(.data)
    ColorTab                                 0x20000014   Data          10  test.o(.data)
    ColornTab                                0x2000001e   Data          16  test.o(.data)
    flag_on_off                              0x20000030   Data           4  test.o(.data)
    flag_press                               0x20000034   Data           4  test.o(.data)
    flag_press_lock                          0x20000038   Data           4  test.o(.data)
    flag_press_lock_on                       0x2000003c   Data           4  test.o(.data)
    flag_press_num                           0x20000040   Data           4  test.o(.data)
    flag_press_next_time                     0x20000044   Data           4  test.o(.data)
    flag_press_next_time_on                  0x20000048   Data           4  test.o(.data)
    flag_press_duration                      0x2000004c   Data           4  test.o(.data)
    flag_press_duration_on                   0x20000050   Data           4  test.o(.data)
    flag_press_num_times                     0x20000054   Data           4  test.o(.data)
    flag_press_back                          0x20000058   Data           4  test.o(.data)
    flag_press_ok                            0x2000005c   Data           4  test.o(.data)
    flag_status                              0x20000060   Data           4  test.o(.data)
    flag_press_rtc                           0x20000064   Data           4  test.o(.data)
    flag_press_rtc_on                        0x20000068   Data           4  test.o(.data)
    flag_lock                                0x2000006c   Data           4  test.o(.data)
    pwd                                      0x20000070   Data          24  test.o(.data)
    POINT_COLOR                              0x20000090   Data           2  lcd.o(.data)
    BACK_COLOR                               0x20000092   Data           2  lcd.o(.data)
    DeviceCode                               0x20000094   Data           2  lcd.o(.data)
    tp_dev                                   0x20000098   Data          20  touch.o(.data)
    Duration                                 0x200000b0   Data           4  rtc.o(.data)
    T                                        0x200000b4   Data           4  rtc.o(.data)
    timecount                                0x200000b8   Data           4  rtc.o(.data)
    new_time                                 0x200000d8   Data          88  test.o(.bss)
    lcddev                                   0x20000130   Data          16  lcd.o(.bss)
    calendar                                 0x20000140   Data          10  rtc.o(.bss)
    next_calendar                            0x2000014a   Data          10  rtc.o(.bss)
    close_calendar                           0x20000154   Data          10  rtc.o(.bss)
    __libspace_start                         0x20000160   Data          96  libspace.o(.bss)
    __temporary_stack_top$libspace           0x200001c0   Data           0  libspace.o(.bss)



==============================================================================

Memory Map of the image

  Image Entry point : 0x080000ed

  Load Region LR_IROM1 (Base: 0x08000000, Size: 0x000080c8, Max: 0x00010000, ABSOLUTE)

    Execution Region ER_IROM1 (Exec base: 0x08000000, Load base: 0x08000000, Size: 0x00007ff0, Max: 0x00010000, ABSOLUTE)

    Exec Addr    Load Addr    Size         Type   Attr      Idx    E Section Name        Object

    0x08000000   0x08000000   0x000000ec   Data   RO          355    RESET               startup_stm32f10x_md.o
    0x080000ec   0x080000ec   0x00000008   Code   RO          515  * !!!main             c_w.l(__main.o)
    0x080000f4   0x080000f4   0x00000034   Code   RO          683    !!!scatter          c_w.l(__scatter.o)
    0x08000128   0x08000128   0x0000001a   Code   RO          685    !!handler_copy      c_w.l(__scatter_copy.o)
    0x08000142   0x08000142   0x00000002   PAD
    0x08000144   0x08000144   0x0000001c   Code   RO          687    !!handler_zi        c_w.l(__scatter_zi.o)
    0x08000160   0x08000160   0x00000000   Code   RO          508    .ARM.Collect$$_printf_percent$$00000000  c_w.l(_printf_percent.o)
    0x08000160   0x08000160   0x00000006   Code   RO          507    .ARM.Collect$$_printf_percent$$00000009  c_w.l(_printf_d.o)
    0x08000166   0x08000166   0x00000006   Code   RO          506    .ARM.Collect$$_printf_percent$$00000014  c_w.l(_printf_s.o)
    0x0800016c   0x0800016c   0x00000004   Code   RO          526    .ARM.Collect$$_printf_percent$$00000017  c_w.l(_printf_percent_end.o)
    0x08000170   0x08000170   0x00000002   Code   RO          553    .ARM.Collect$$libinit$$00000000  c_w.l(libinit.o)
    0x08000172   0x08000172   0x00000000   Code   RO          560    .ARM.Collect$$libinit$$00000002  c_w.l(libinit2.o)
    0x08000172   0x08000172   0x00000000   Code   RO          562    .ARM.Collect$$libinit$$00000004  c_w.l(libinit2.o)
    0x08000172   0x08000172   0x00000000   Code   RO          565    .ARM.Collect$$libinit$$0000000A  c_w.l(libinit2.o)
    0x08000172   0x08000172   0x00000000   Code   RO          567    .ARM.Collect$$libinit$$0000000C  c_w.l(libinit2.o)
    0x08000172   0x08000172   0x00000000   Code   RO          569    .ARM.Collect$$libinit$$0000000E  c_w.l(libinit2.o)
    0x08000172   0x08000172   0x00000000   Code   RO          572    .ARM.Collect$$libinit$$00000011  c_w.l(libinit2.o)
    0x08000172   0x08000172   0x00000000   Code   RO          574    .ARM.Collect$$libinit$$00000013  c_w.l(libinit2.o)
    0x08000172   0x08000172   0x00000000   Code   RO          576    .ARM.Collect$$libinit$$00000015  c_w.l(libinit2.o)
    0x08000172   0x08000172   0x00000000   Code   RO          578    .ARM.Collect$$libinit$$00000017  c_w.l(libinit2.o)
    0x08000172   0x08000172   0x00000000   Code   RO          580    .ARM.Collect$$libinit$$00000019  c_w.l(libinit2.o)
    0x08000172   0x08000172   0x00000000   Code   RO          582    .ARM.Collect$$libinit$$0000001B  c_w.l(libinit2.o)
    0x08000172   0x08000172   0x00000000   Code   RO          584    .ARM.Collect$$libinit$$0000001D  c_w.l(libinit2.o)
    0x08000172   0x08000172   0x00000000   Code   RO          586    .ARM.Collect$$libinit$$0000001F  c_w.l(libinit2.o)
    0x08000172   0x08000172   0x00000000   Code   RO          588    .ARM.Collect$$libinit$$00000021  c_w.l(libinit2.o)
    0x08000172   0x08000172   0x00000000   Code   RO          590    .ARM.Collect$$libinit$$00000023  c_w.l(libinit2.o)
    0x08000172   0x08000172   0x00000000   Code   RO          592    .ARM.Collect$$libinit$$00000025  c_w.l(libinit2.o)
    0x08000172   0x08000172   0x00000000   Code   RO          596    .ARM.Collect$$libinit$$0000002C  c_w.l(libinit2.o)
    0x08000172   0x08000172   0x00000000   Code   RO          598    .ARM.Collect$$libinit$$0000002E  c_w.l(libinit2.o)
    0x08000172   0x08000172   0x00000000   Code   RO          600    .ARM.Collect$$libinit$$00000030  c_w.l(libinit2.o)
    0x08000172   0x08000172   0x00000000   Code   RO          602    .ARM.Collect$$libinit$$00000032  c_w.l(libinit2.o)
    0x08000172   0x08000172   0x00000002   Code   RO          603    .ARM.Collect$$libinit$$00000033  c_w.l(libinit2.o)
    0x08000174   0x08000174   0x00000002   Code   RO          623    .ARM.Collect$$libshutdown$$00000000  c_w.l(libshutdown.o)
    0x08000176   0x08000176   0x00000000   Code   RO          636    .ARM.Collect$$libshutdown$$00000002  c_w.l(libshutdown2.o)
    0x08000176   0x08000176   0x00000000   Code   RO          638    .ARM.Collect$$libshutdown$$00000004  c_w.l(libshutdown2.o)
    0x08000176   0x08000176   0x00000000   Code   RO          641    .ARM.Collect$$libshutdown$$00000007  c_w.l(libshutdown2.o)
    0x08000176   0x08000176   0x00000000   Code   RO          644    .ARM.Collect$$libshutdown$$0000000A  c_w.l(libshutdown2.o)
    0x08000176   0x08000176   0x00000000   Code   RO          646    .ARM.Collect$$libshutdown$$0000000C  c_w.l(libshutdown2.o)
    0x08000176   0x08000176   0x00000000   Code   RO          649    .ARM.Collect$$libshutdown$$0000000F  c_w.l(libshutdown2.o)
    0x08000176   0x08000176   0x00000002   Code   RO          650    .ARM.Collect$$libshutdown$$00000010  c_w.l(libshutdown2.o)
    0x08000178   0x08000178   0x00000000   Code   RO          517    .ARM.Collect$$rtentry$$00000000  c_w.l(__rtentry.o)
    0x08000178   0x08000178   0x00000000   Code   RO          528    .ARM.Collect$$rtentry$$00000002  c_w.l(__rtentry2.o)
    0x08000178   0x08000178   0x00000006   Code   RO          540    .ARM.Collect$$rtentry$$00000004  c_w.l(__rtentry4.o)
    0x0800017e   0x0800017e   0x00000000   Code   RO          530    .ARM.Collect$$rtentry$$00000009  c_w.l(__rtentry2.o)
    0x0800017e   0x0800017e   0x00000004   Code   RO          531    .ARM.Collect$$rtentry$$0000000A  c_w.l(__rtentry2.o)
    0x08000182   0x08000182   0x00000000   Code   RO          533    .ARM.Collect$$rtentry$$0000000C  c_w.l(__rtentry2.o)
    0x08000182   0x08000182   0x00000008   Code   RO          534    .ARM.Collect$$rtentry$$0000000D  c_w.l(__rtentry2.o)
    0x0800018a   0x0800018a   0x00000002   Code   RO          557    .ARM.Collect$$rtexit$$00000000  c_w.l(rtexit.o)
    0x0800018c   0x0800018c   0x00000000   Code   RO          605    .ARM.Collect$$rtexit$$00000002  c_w.l(rtexit2.o)
    0x0800018c   0x0800018c   0x00000004   Code   RO          606    .ARM.Collect$$rtexit$$00000003  c_w.l(rtexit2.o)
    0x08000190   0x08000190   0x00000006   Code   RO          607    .ARM.Collect$$rtexit$$00000004  c_w.l(rtexit2.o)
    0x08000196   0x08000196   0x00000002   PAD
    0x08000198   0x08000198   0x00000fa8   Code   RO            1    .text               gui.o
    0x08001140   0x08001140   0x00000026   Code   RO          123    .text               main.o
    0x08001166   0x08001166   0x0000001a   Code   RO          152    .text               stm32f10x_it.o
    0x08001180   0x08001180   0x000001e0   Code   RO          167    .text               system_stm32f10x.o
    0x08001360   0x08001360   0x0000217c   Code   RO          185    .text               test.o
    0x080034dc   0x080034dc   0x00000640   Code   RO          216    .text               lcd.o
    0x08003b1c   0x08003b1c   0x00000020   Code   RO          238    .text               touch.o
    0x08003b3c   0x08003b3c   0x000000e4   Code   RO          260    .text               spi.o
    0x08003c20   0x08003c20   0x00000274   Code   RO          272    .text               ctpiic.o
    0x08003e94   0x08003e94   0x0000037c   Code   RO          287    .text               ft6336.o
    0x08004210   0x08004210   0x00000044   Code   RO          310    .text               led.o
    0x08004254   0x08004254   0x000004b0   Code   RO          322    .text               rtc.o
    0x08004704   0x08004704   0x00000034   Code   RO          356    .text               startup_stm32f10x_md.o
    0x08004738   0x08004738   0x000000dc   Code   RO          360    .text               misc.o
    0x08004814   0x08004814   0x0000035c   Code   RO          372    .text               stm32f10x_gpio.o
    0x08004b70   0x08004b70   0x000003a4   Code   RO          384    .text               stm32f10x_rcc_2.o
    0x08004f14   0x08004f14   0x0000030c   Code   RO          398    .text               stm32f10x_spi.o
    0x08005220   0x08005220   0x000000c4   Code   RO          422    .text               stm32f10x_bkp.o
    0x080052e4   0x080052e4   0x00000148   Code   RO          434    .text               stm32f10x_rtc.o
    0x0800542c   0x0800542c   0x000000cc   Code   RO          446    .text               stm32f10x_pwr.o
    0x080054f8   0x080054f8   0x000000ac   Code   RO          458    .text               delay.o
    0x080055a4   0x080055a4   0x00000028   Code   RO          476    .text               c_w.l(noretval__2sprintf.o)
    0x080055cc   0x080055cc   0x0000004e   Code   RO          480    .text               c_w.l(_printf_pad.o)
    0x0800561a   0x0800561a   0x00000052   Code   RO          482    .text               c_w.l(_printf_str.o)
    0x0800566c   0x0800566c   0x00000078   Code   RO          484    .text               c_w.l(_printf_dec.o)
    0x080056e4   0x080056e4   0x00000138   Code   RO          498    .text               c_w.l(__printf_flags_wp.o)
    0x0800581c   0x0800581c   0x0000003e   Code   RO          509    .text               c_w.l(strlen.o)
    0x0800585a   0x0800585a   0x00000064   Code   RO          511    .text               c_w.l(rt_memcpy_w.o)
    0x080058be   0x080058be   0x00000006   Code   RO          513    .text               c_w.l(heapauxi.o)
    0x080058c4   0x080058c4   0x000000b2   Code   RO          518    .text               c_w.l(_printf_intcommon.o)
    0x08005976   0x08005976   0x00000002   PAD
    0x08005978   0x08005978   0x00000030   Code   RO          520    .text               c_w.l(_printf_char_common.o)
    0x080059a8   0x080059a8   0x0000000a   Code   RO          522    .text               c_w.l(_sputc.o)
    0x080059b2   0x080059b2   0x0000002c   Code   RO          524    .text               c_w.l(_printf_char.o)
    0x080059de   0x080059de   0x0000004a   Code   RO          544    .text               c_w.l(sys_stackheap_outer.o)
    0x08005a28   0x08005a28   0x00000012   Code   RO          546    .text               c_w.l(exit.o)
    0x08005a3a   0x08005a3a   0x00000002   PAD
    0x08005a3c   0x08005a3c   0x00000008   Code   RO          554    .text               c_w.l(libspace.o)
    0x08005a44   0x08005a44   0x0000000c   Code   RO          615    .text               c_w.l(sys_exit.o)
    0x08005a50   0x08005a50   0x00000002   Code   RO          626    .text               c_w.l(use_no_semi.o)
    0x08005a52   0x08005a52   0x00000000   Code   RO          628    .text               c_w.l(indicate_semi.o)
    0x08005a52   0x08005a52   0x0000000e   Code   RO          496    i._is_digit         c_w.l(__printf_wp.o)
    0x08005a60   0x08005a60   0x00001868   Data   RO            2    .constdata          gui.o
    0x080072c8   0x080072c8   0x00000ca0   Data   RO          187    .constdata          test.o
    0x08007f68   0x08007f68   0x00000004   Data   RO          288    .constdata          ft6336.o
    0x08007f6c   0x08007f6c   0x00000018   Data   RO          324    .constdata          rtc.o
    0x08007f84   0x08007f84   0x00000011   Data   RO          499    .constdata          c_w.l(__printf_flags_wp.o)
    0x08007f95   0x08007f95   0x00000003   PAD
    0x08007f98   0x08007f98   0x00000035   Data   RO          188    .conststring        test.o
    0x08007fcd   0x08007fcd   0x00000003   PAD
    0x08007fd0   0x08007fd0   0x00000020   Data   RO          681    Region$$Table       anon$$obj.o


    Execution Region RW_IRAM1 (Exec base: 0x20000000, Load base: 0x08007ff0, Size: 0x000003c0, Max: 0x00005000, ABSOLUTE)

    Exec Addr    Load Addr    Size         Type   Attr      Idx    E Section Name        Object

    0x20000000   0x08007ff0   0x00000014   Data   RW          168    .data               system_stm32f10x.o
    0x20000014   0x08008004   0x0000007c   Data   RW          189    .data               test.o
    0x20000090   0x08008080   0x00000006   Data   RW          218    .data               lcd.o
    0x20000096   0x08008086   0x00000002   PAD
    0x20000098   0x08008088   0x00000014   Data   RW          239    .data               touch.o
    0x200000ac   0x0800809c   0x00000001   Data   RW          289    .data               ft6336.o
    0x200000ad   0x0800809d   0x00000003   PAD
    0x200000b0   0x080080a0   0x0000000e   Data   RW          325    .data               rtc.o
    0x200000be   0x080080ae   0x00000014   Data   RW          385    .data               stm32f10x_rcc_2.o
    0x200000d2   0x080080c2   0x00000004   Data   RW          459    .data               delay.o
    0x200000d6   0x080080c6   0x00000002   PAD
    0x200000d8        -       0x00000058   Zero   RW          186    .bss                test.o
    0x20000130        -       0x00000010   Zero   RW          217    .bss                lcd.o
    0x20000140        -       0x0000001e   Zero   RW          323    .bss                rtc.o
    0x2000015e   0x080080c6   0x00000002   PAD
    0x20000160        -       0x00000060   Zero   RW          555    .bss                c_w.l(libspace.o)
    0x200001c0        -       0x00000000   Zero   RW          354    HEAP                startup_stm32f10x_md.o
    0x200001c0        -       0x00000200   Zero   RW          353    STACK               startup_stm32f10x_md.o


==============================================================================

Image component sizes


      Code (inc. data)   RO Data    RW Data    ZI Data      Debug   Object Name

         0          0          0          0          0         32   core_cm3.o
       628         26          0          0          0       2162   ctpiic.o
       172          8          0          4          0       1263   delay.o
       892         30          4          1          0       2876   ft6336.o
      4008         58       6248          0          0     246368   gui.o
      1600         32          0          6         16       6422   lcd.o
        68          6          0          0          0        778   led.o
        38          0          0          0          0        547   main.o
       220         22          0          0          0       1977   misc.o
      1200         42         24         14         30       5453   rtc.o
       228         10          0          0          0       1531   spi.o
        52         18        236          0        512        888   startup_stm32f10x_md.o
       196          8          0          0          0       3676   stm32f10x_bkp.o
       860         38          0          0          0       5913   stm32f10x_gpio.o
        26          0          0          0          0       1286   stm32f10x_it.o
       204         14          0          0          0       2043   stm32f10x_pwr.o
       932         36          0         20          0       9184   stm32f10x_rcc_2.o
       328          4          0          0          0       2814   stm32f10x_rtc.o
       780         14          0          0          0       6794   stm32f10x_spi.o
       480         38          0         20          0       2055   system_stm32f10x.o
      8572        696       3285        124         88       9473   test.o
        32         10          0         20          0       1475   touch.o

    ----------------------------------------------------------------------
     21516       1110       9832        216        648     315010   Object Totals
         0          0         32          0          0          0   (incl. Generated)
         0          0          3          7          2          0   (incl. Padding)

    ----------------------------------------------------------------------

      Code (inc. data)   RO Data    RW Data    ZI Data      Debug   Library Member Name

         8          0          0          0          0         68   __main.o
       312          4         17          0          0         92   __printf_flags_wp.o
        14          0          0          0          0         68   __printf_wp.o
         0          0          0          0          0          0   __rtentry.o
        12          0          0          0          0          0   __rtentry2.o
         6          0          0          0          0          0   __rtentry4.o
        52          8          0          0          0          0   __scatter.o
        26          0          0          0          0          0   __scatter_copy.o
        28          0          0          0          0          0   __scatter_zi.o
        44          0          0          0          0        108   _printf_char.o
        48          6          0          0          0         96   _printf_char_common.o
         6          0          0          0          0          0   _printf_d.o
       120         16          0          0          0         92   _printf_dec.o
       178          0          0          0          0         88   _printf_intcommon.o
        78          0          0          0          0        108   _printf_pad.o
         0          0          0          0          0          0   _printf_percent.o
         4          0          0          0          0          0   _printf_percent_end.o
         6          0          0          0          0          0   _printf_s.o
        82          0          0          0          0         80   _printf_str.o
        10          0          0          0          0         68   _sputc.o
        18          0          0          0          0         80   exit.o
         6          0          0          0          0        152   heapauxi.o
         0          0          0          0          0          0   indicate_semi.o
         2          0          0          0          0          0   libinit.o
         2          0          0          0          0          0   libinit2.o
         2          0          0          0          0          0   libshutdown.o
         2          0          0          0          0          0   libshutdown2.o
         8          4          0          0         96         68   libspace.o
        40          6          0          0          0         84   noretval__2sprintf.o
       100          0          0          0          0         80   rt_memcpy_w.o
         2          0          0          0          0          0   rtexit.o
        10          0          0          0          0          0   rtexit2.o
        62          0          0          0          0         76   strlen.o
        12          4          0          0          0         68   sys_exit.o
        74          0          0          0          0         80   sys_stackheap_outer.o
         2          0          0          0          0         68   use_no_semi.o

    ----------------------------------------------------------------------
      1384         48         20          0         96       1624   Library Totals
         8          0          3          0          0          0   (incl. Padding)

    ----------------------------------------------------------------------

      Code (inc. data)   RO Data    RW Data    ZI Data      Debug   Library Name

      1376         48         17          0         96       1624   c_w.l

    ----------------------------------------------------------------------
      1384         48         20          0         96       1624   Library Totals

    ----------------------------------------------------------------------

==============================================================================


      Code (inc. data)   RO Data    RW Data    ZI Data      Debug   

     22900       1158       9852        216        744     314082   Grand Totals
     22900       1158       9852        216        744     314082   ELF Image Totals
     22900       1158       9852        216          0          0   ROM Totals

==============================================================================

    Total RO  Size (Code + RO Data)                32752 (  31.98kB)
    Total RW  Size (RW Data + ZI Data)               960 (   0.94kB)
    Total ROM Size (Code + RO Data + RW Data)      32968 (  32.20kB)

==============================================================================

