<html>
<body>
<pre>
<h1>µVision Build Log</h1>
<h2>Tool Versions:</h2>
IDE-Version: ¦ÌVision V5.25.2.0
Copyright (C) 2018 ARM Ltd and ARM Germany GmbH. All rights reserved.
License Information: 1 Administrator, 1, LIC=----
 
Tool Versions:
Toolchain:       MDK-ARM Plus  Version: 5.25.2.0
Toolchain Path:  C:\Keil_v5\ARM\ARMCC\Bin
C Compiler:      Armcc.exe V5.06 update 6 (build 750)
Assembler:       Armasm.exe V5.06 update 6 (build 750)
Linker/Locator:  ArmLink.exe V5.06 update 6 (build 750)
Library Manager: ArmAr.exe V5.06 update 6 (build 750)
Hex Converter:   FromElf.exe V5.06 update 6 (build 750)
CPU DLL:         SARMCM3.DLL V5.25.2.0
Dialog DLL:      DCM.DLL V1.17.1.0
Target DLL:      STLink\ST-LINKIII-KEIL_SWO.dll V3.0.1.0
Dialog DLL:      TCM.DLL V1.35.1.0
 
<h2>Project:</h2>
C:\Users\Administrator\Desktop\4.0inch_SPI_Module_ST7796_MSP4030_MSP4031_V1.0\1-Demo\Demo_STM32\Demo_MSP4030_MSP4031_STM32F103C8T6_Hardware_SPI\PROJECT\TOUCH.uvprojx
Project File Date:  05/21/2024

<h2>Output:</h2>
*** Using Compiler 'V5.06 update 6 (build 750)', folder: 'C:\Keil_v5\ARM\ARMCC\Bin'
Build target 'QD-TFT'
compiling test.c...
..\USER\test.h(22): warning:  #1295-D: Deprecated declaration Disp_Duration - give arg types
  void Disp_Duration() ;
..\USER\test.c(233): warning:  #186-D: pointless comparison of unsigned integer with zero
  			if((tp_dev.x[0]>=0)&&(tp_dev.x[0]<=60))
..\USER\test.c(733): warning:  #177-D: variable "hours"  was declared but never referenced
      int days, hours, minutes, seconds;
..\USER\test.c(733): warning:  #177-D: variable "minutes"  was declared but never referenced
      int days, hours, minutes, seconds;
..\USER\test.c(733): warning:  #177-D: variable "seconds"  was declared but never referenced
      int days, hours, minutes, seconds;
..\USER\test.c(734): warning:  #550-D: variable "month_diff"  was set but never used
      int year_diff, month_diff, day_diff, hour_diff, min_diff, sec_diff;
..\USER\test.c(946): warning:  #1-D: last line of file ends without a newline
  }
..\USER\test.c: 7 warnings, 0 errors
linking...
Program Size: Code=22900 RO-data=9852 RW-data=216 ZI-data=744  
FromELF: creating hex file...
"..\OBJ\TOUCH.axf" - 0 Error(s), 7 Warning(s).

<h2>Software Packages used:</h2>

Package Vendor: ARM
                http://www.keil.com/pack/ARM.CMSIS.5.3.0.pack
                ARM.CMSIS.5.3.0
                CMSIS (Cortex Microcontroller Software Interface Standard)
   * Component: CORE Version: 5.1.1

Package Vendor: Keil
                http://www.keil.com/pack/Keil.STM32F1xx_DFP.2.3.0.pack
                Keil.STM32F1xx_DFP.2.3.0
                STMicroelectronics STM32F1 Series Device Support, Drivers and Examples
   * Component: Startup Version: 1.0.0

<h2>Collection of Component include folders:</h2>
  .\RTE\_QD-TFT
  C:\Keil_v5\ARM\PACK\ARM\CMSIS\5.3.0\CMSIS\Include
  C:\Keil_v5\ARM\PACK\Keil\STM32F1xx_DFP\2.3.0\Device\Include

<h2>Collection of Component Files used:</h2>

   * Component: ARM::CMSIS:CORE:5.1.1

   * Component: Keil::Device:Startup:1.0.0
      Source file:   Device\Source\ARM\startup_stm32f10x_md.s
      Source file:   Device\Source\ARM\STM32F1xx_OPT.s
      Source file:   Device\Source\system_stm32f10x.c
      Include file:  RTE_Driver\Config\RTE_Device.h
Build Time Elapsed:  00:00:01
</pre>
</body>
</html>
